		; Emergency Kaypro Memory Test ROM image.
		; Bare-bones memory test image, no serial I/O and uses
		; no RAM (no stack). Uses drive A LED (*/84 and 10) or
		; video ram (*/83) for indicating progress and failure.
		
0011          	VERN	equ	011h	; ROM version
		
0000          	TEST	equ	0
		
0800          	romsiz	equ	0800h	; minimum space for ROM
3000          	vidram	equ	3000h	; video RAM start in */83 models
8000          	ramsta	equ	8000h	; where to start testing RAM
		
			maclib	z80
**** z80.lib ****
**** memtest.asm ****
		
0000          	false	equ	0
FFFF          	true	equ	not false
		
			$*macro
		
000D          	CR	equ	13
000A          	LF	equ	10
0003          	CTLC	equ	3
0007          	BEL	equ	7
0009          	TAB	equ	9
0008          	BS	equ	8
001B          	ESC	equ	27
0000          	TRM	equ	0
007F          	DEL	equ	127
		
		; */84 (and 10) sysport drive select
0002          	DS0	equ	0010b
0001          	DS1	equ	0001b
0003          	DSNONE	equ	0011b	; also mask
0010          	MTRON	equ	10000b	; MOTOR control
		
0014          	sysp84	equ	14h	; sysport on */84 (and 10). */83 have nothing here.
		
		; Start of ROM code
0000          		org	00000h
0000  F3      		di	; redundant, really
		
0001  DB14    		in	sysp84
0003  E6FC    		ani	not DSNONE
0005  E6EF    		ani	not MTRON
0007  F602    		ori	DS0	; drive A LED on
0009  D314    		out	sysp84
000B  3E30    		mvi	a,'0'
000D  320030  		sta	vidram
0010  57      		mov	d,a	; pass indicator
0011  AF      		xra	a	; 00 - initial test seed
			; test memory... 8000-FFFF
0012  210080  	mt0:	lxi	h,ramsta
0015  4F      		mov	c,a
0016  77      	mt1:	mov	m,a
0017  C601    		adi	1
0019  27      		daa
001A  23      		inx	h
001B  47      		mov	b,a
001C  7C      		mov	a,h
001D  B5      		ora	l
001E  78      		mov	a,b
001F          		jrnz	mt1
001F  20F5    		DB	20H,mt1-$-1
0021  210080  		lxi	h,ramsta
0024  79      		mov	a,c
0025  BE      	mt2:	cmp	m
0026          		jrnz	error
0026  2023    		DB	20H,error-$-1
0028  C601    		adi	1
002A  27      		daa
002B  23      		inx	h
002C  47      		mov	b,a
002D  7C      		mov	a,h
002E  B5      		ora	l
002F  78      		mov	a,b
0030          		jrnz	mt2
0030  20F3    		DB	20H,mt2-$-1
			; end of pass - no errors
0032  DB14    		in	sysp84
0034  EE03    		xri	DSNONE
0036  D314    		out	sysp84	; switch to other drive LED on
0038  7A      		mov	a,d
0039  C601    		adi	1
003B  FE3A    		cpi	'9'+1
003D          		jrc	pp0
003D  3802    		DB	38H,pp0-$-1
0000          	 if TEST
		 endif
003F  3E30    		mvi	a,'0'
0041  320030  	pp0:	sta	vidram
0044  57      		mov	d,a
0045  79      		mov	a,c
0046  C601    		adi	1
0048  27      		daa
0049          		jr	mt0
0049  18C7    		DB	18H,mt0-$-1
		
004B  3E45    	error:	mvi	a,'E'
004D  320030  		sta	vidram
0050  DB14    		in	sysp84
0052  E6FC    		ani	not DSNONE
0054  F602    		ori	DS0	; drive A LED on
0056  D314    		out	sysp84
0058  2150C3  	er0:	lxi	h,50000
005B  2B      	er1:	dcx	h
005C  7C      		mov	a,h
005D  B5      		ora	l
005E          		jrnz	er1
005E  20FB    		DB	20H,er1-$-1
0060  DB14    		in	sysp84
0062  EE01    		xri	1
0064  D314    		out	sysp84	; flash drive A LED
0066  3A0030  		lda	vidram
0069  EE17    		xri	17h	; 'E' / 'R'
006B  320030  		sta	vidram
006E          		jr	er0
006E  18E8    		DB	18H,er0-$-1
		
0070  4B617970		db	'Kaypro Emergency Memory Test v'
      726F2045
      6D657267
      656E6379
      204D656D
      6F727920
      54657374
      2076
008E  312E31  		db	(VERN SHR 4)+'0','.',(VERN AND 0fh)+'0'
0000          	 if TEST
		 endif
		
			rept	romsiz-$
0091  FF      		db	0ffh
0092  FF      		db	0ffh
0093  FF      		db	0ffh
0094  FF      		db	0ffh
0095  FF      		db	0ffh
0096  FF      		db	0ffh
0097  FF      		db	0ffh
0098  FF      		db	0ffh
0099  FF      		db	0ffh
009A  FF      		db	0ffh
009B  FF      		db	0ffh
009C  FF      		db	0ffh
009D  FF      		db	0ffh
009E  FF      		db	0ffh
009F  FF      		db	0ffh
00A0  FF      		db	0ffh
00A1  FF      		db	0ffh
00A2  FF      		db	0ffh
00A3  FF      		db	0ffh
00A4  FF      		db	0ffh
00A5  FF      		db	0ffh
00A6  FF      		db	0ffh
00A7  FF      		db	0ffh
00A8  FF      		db	0ffh
00A9  FF      		db	0ffh
00AA  FF      		db	0ffh
00AB  FF      		db	0ffh
00AC  FF      		db	0ffh
00AD  FF      		db	0ffh
00AE  FF      		db	0ffh
00AF  FF      		db	0ffh
00B0  FF      		db	0ffh
00B1  FF      		db	0ffh
00B2  FF      		db	0ffh
00B3  FF      		db	0ffh
00B4  FF      		db	0ffh
00B5  FF      		db	0ffh
00B6  FF      		db	0ffh
00B7  FF      		db	0ffh
00B8  FF      		db	0ffh
00B9  FF      		db	0ffh
00BA  FF      		db	0ffh
00BB  FF      		db	0ffh
00BC  FF      		db	0ffh
00BD  FF      		db	0ffh
00BE  FF      		db	0ffh
00BF  FF      		db	0ffh
00C0  FF      		db	0ffh
00C1  FF      		db	0ffh
00C2  FF      		db	0ffh
00C3  FF      		db	0ffh
00C4  FF      		db	0ffh
00C5  FF      		db	0ffh
00C6  FF      		db	0ffh
00C7  FF      		db	0ffh
00C8  FF      		db	0ffh
00C9  FF      		db	0ffh
00CA  FF      		db	0ffh
00CB  FF      		db	0ffh
00CC  FF      		db	0ffh
00CD  FF      		db	0ffh
00CE  FF      		db	0ffh
00CF  FF      		db	0ffh
00D0  FF      		db	0ffh
00D1  FF      		db	0ffh
00D2  FF      		db	0ffh
00D3  FF      		db	0ffh
00D4  FF      		db	0ffh
00D5  FF      		db	0ffh
00D6  FF      		db	0ffh
00D7  FF      		db	0ffh
00D8  FF      		db	0ffh
00D9  FF      		db	0ffh
00DA  FF      		db	0ffh
00DB  FF      		db	0ffh
00DC  FF      		db	0ffh
00DD  FF      		db	0ffh
00DE  FF      		db	0ffh
00DF  FF      		db	0ffh
00E0  FF      		db	0ffh
00E1  FF      		db	0ffh
00E2  FF      		db	0ffh
00E3  FF      		db	0ffh
00E4  FF      		db	0ffh
00E5  FF      		db	0ffh
00E6  FF      		db	0ffh
00E7  FF      		db	0ffh
00E8  FF      		db	0ffh
00E9  FF      		db	0ffh
00EA  FF      		db	0ffh
00EB  FF      		db	0ffh
00EC  FF      		db	0ffh
00ED  FF      		db	0ffh
00EE  FF      		db	0ffh
00EF  FF      		db	0ffh
00F0  FF      		db	0ffh
00F1  FF      		db	0ffh
00F2  FF      		db	0ffh
00F3  FF      		db	0ffh
00F4  FF      		db	0ffh
00F5  FF      		db	0ffh
00F6  FF      		db	0ffh
00F7  FF      		db	0ffh
00F8  FF      		db	0ffh
00F9  FF      		db	0ffh
00FA  FF      		db	0ffh
00FB  FF      		db	0ffh
00FC  FF      		db	0ffh
00FD  FF      		db	0ffh
00FE  FF      		db	0ffh
00FF  FF      		db	0ffh
0100  FF      		db	0ffh
0101  FF      		db	0ffh
0102  FF      		db	0ffh
0103  FF      		db	0ffh
0104  FF      		db	0ffh
0105  FF      		db	0ffh
0106  FF      		db	0ffh
0107  FF      		db	0ffh
0108  FF      		db	0ffh
0109  FF      		db	0ffh
010A  FF      		db	0ffh
010B  FF      		db	0ffh
010C  FF      		db	0ffh
010D  FF      		db	0ffh
010E  FF      		db	0ffh
010F  FF      		db	0ffh
0110  FF      		db	0ffh
0111  FF      		db	0ffh
0112  FF      		db	0ffh
0113  FF      		db	0ffh
0114  FF      		db	0ffh
0115  FF      		db	0ffh
0116  FF      		db	0ffh
0117  FF      		db	0ffh
0118  FF      		db	0ffh
0119  FF      		db	0ffh
011A  FF      		db	0ffh
011B  FF      		db	0ffh
011C  FF      		db	0ffh
011D  FF      		db	0ffh
011E  FF      		db	0ffh
011F  FF      		db	0ffh
0120  FF      		db	0ffh
0121  FF      		db	0ffh
0122  FF      		db	0ffh
0123  FF      		db	0ffh
0124  FF      		db	0ffh
0125  FF      		db	0ffh
0126  FF      		db	0ffh
0127  FF      		db	0ffh
0128  FF      		db	0ffh
0129  FF      		db	0ffh
012A  FF      		db	0ffh
012B  FF      		db	0ffh
012C  FF      		db	0ffh
012D  FF      		db	0ffh
012E  FF      		db	0ffh
012F  FF      		db	0ffh
0130  FF      		db	0ffh
0131  FF      		db	0ffh
0132  FF      		db	0ffh
0133  FF      		db	0ffh
0134  FF      		db	0ffh
0135  FF      		db	0ffh
0136  FF      		db	0ffh
0137  FF      		db	0ffh
0138  FF      		db	0ffh
0139  FF      		db	0ffh
013A  FF      		db	0ffh
013B  FF      		db	0ffh
013C  FF      		db	0ffh
013D  FF      		db	0ffh
013E  FF      		db	0ffh
013F  FF      		db	0ffh
0140  FF      		db	0ffh
0141  FF      		db	0ffh
0142  FF      		db	0ffh
0143  FF      		db	0ffh
0144  FF      		db	0ffh
0145  FF      		db	0ffh
0146  FF      		db	0ffh
0147  FF      		db	0ffh
0148  FF      		db	0ffh
0149  FF      		db	0ffh
014A  FF      		db	0ffh
014B  FF      		db	0ffh
014C  FF      		db	0ffh
014D  FF      		db	0ffh
014E  FF      		db	0ffh
014F  FF      		db	0ffh
0150  FF      		db	0ffh
0151  FF      		db	0ffh
0152  FF      		db	0ffh
0153  FF      		db	0ffh
0154  FF      		db	0ffh
0155  FF      		db	0ffh
0156  FF      		db	0ffh
0157  FF      		db	0ffh
0158  FF      		db	0ffh
0159  FF      		db	0ffh
015A  FF      		db	0ffh
015B  FF      		db	0ffh
015C  FF      		db	0ffh
015D  FF      		db	0ffh
015E  FF      		db	0ffh
015F  FF      		db	0ffh
0160  FF      		db	0ffh
0161  FF      		db	0ffh
0162  FF      		db	0ffh
0163  FF      		db	0ffh
0164  FF      		db	0ffh
0165  FF      		db	0ffh
0166  FF      		db	0ffh
0167  FF      		db	0ffh
0168  FF      		db	0ffh
0169  FF      		db	0ffh
016A  FF      		db	0ffh
016B  FF      		db	0ffh
016C  FF      		db	0ffh
016D  FF      		db	0ffh
016E  FF      		db	0ffh
016F  FF      		db	0ffh
0170  FF      		db	0ffh
0171  FF      		db	0ffh
0172  FF      		db	0ffh
0173  FF      		db	0ffh
0174  FF      		db	0ffh
0175  FF      		db	0ffh
0176  FF      		db	0ffh
0177  FF      		db	0ffh
0178  FF      		db	0ffh
0179  FF      		db	0ffh
017A  FF      		db	0ffh
017B  FF      		db	0ffh
017C  FF      		db	0ffh
017D  FF      		db	0ffh
017E  FF      		db	0ffh
017F  FF      		db	0ffh
0180  FF      		db	0ffh
0181  FF      		db	0ffh
0182  FF      		db	0ffh
0183  FF      		db	0ffh
0184  FF      		db	0ffh
0185  FF      		db	0ffh
0186  FF      		db	0ffh
0187  FF      		db	0ffh
0188  FF      		db	0ffh
0189  FF      		db	0ffh
018A  FF      		db	0ffh
018B  FF      		db	0ffh
018C  FF      		db	0ffh
018D  FF      		db	0ffh
018E  FF      		db	0ffh
018F  FF      		db	0ffh
0190  FF      		db	0ffh
0191  FF      		db	0ffh
0192  FF      		db	0ffh
0193  FF      		db	0ffh
0194  FF      		db	0ffh
0195  FF      		db	0ffh
0196  FF      		db	0ffh
0197  FF      		db	0ffh
0198  FF      		db	0ffh
0199  FF      		db	0ffh
019A  FF      		db	0ffh
019B  FF      		db	0ffh
019C  FF      		db	0ffh
019D  FF      		db	0ffh
019E  FF      		db	0ffh
019F  FF      		db	0ffh
01A0  FF      		db	0ffh
01A1  FF      		db	0ffh
01A2  FF      		db	0ffh
01A3  FF      		db	0ffh
01A4  FF      		db	0ffh
01A5  FF      		db	0ffh
01A6  FF      		db	0ffh
01A7  FF      		db	0ffh
01A8  FF      		db	0ffh
01A9  FF      		db	0ffh
01AA  FF      		db	0ffh
01AB  FF      		db	0ffh
01AC  FF      		db	0ffh
01AD  FF      		db	0ffh
01AE  FF      		db	0ffh
01AF  FF      		db	0ffh
01B0  FF      		db	0ffh
01B1  FF      		db	0ffh
01B2  FF      		db	0ffh
01B3  FF      		db	0ffh
01B4  FF      		db	0ffh
01B5  FF      		db	0ffh
01B6  FF      		db	0ffh
01B7  FF      		db	0ffh
01B8  FF      		db	0ffh
01B9  FF      		db	0ffh
01BA  FF      		db	0ffh
01BB  FF      		db	0ffh
01BC  FF      		db	0ffh
01BD  FF      		db	0ffh
01BE  FF      		db	0ffh
01BF  FF      		db	0ffh
01C0  FF      		db	0ffh
01C1  FF      		db	0ffh
01C2  FF      		db	0ffh
01C3  FF      		db	0ffh
01C4  FF      		db	0ffh
01C5  FF      		db	0ffh
01C6  FF      		db	0ffh
01C7  FF      		db	0ffh
01C8  FF      		db	0ffh
01C9  FF      		db	0ffh
01CA  FF      		db	0ffh
01CB  FF      		db	0ffh
01CC  FF      		db	0ffh
01CD  FF      		db	0ffh
01CE  FF      		db	0ffh
01CF  FF      		db	0ffh
01D0  FF      		db	0ffh
01D1  FF      		db	0ffh
01D2  FF      		db	0ffh
01D3  FF      		db	0ffh
01D4  FF      		db	0ffh
01D5  FF      		db	0ffh
01D6  FF      		db	0ffh
01D7  FF      		db	0ffh
01D8  FF      		db	0ffh
01D9  FF      		db	0ffh
01DA  FF      		db	0ffh
01DB  FF      		db	0ffh
01DC  FF      		db	0ffh
01DD  FF      		db	0ffh
01DE  FF      		db	0ffh
01DF  FF      		db	0ffh
01E0  FF      		db	0ffh
01E1  FF      		db	0ffh
01E2  FF      		db	0ffh
01E3  FF      		db	0ffh
01E4  FF      		db	0ffh
01E5  FF      		db	0ffh
01E6  FF      		db	0ffh
01E7  FF      		db	0ffh
01E8  FF      		db	0ffh
01E9  FF      		db	0ffh
01EA  FF      		db	0ffh
01EB  FF      		db	0ffh
01EC  FF      		db	0ffh
01ED  FF      		db	0ffh
01EE  FF      		db	0ffh
01EF  FF      		db	0ffh
01F0  FF      		db	0ffh
01F1  FF      		db	0ffh
01F2  FF      		db	0ffh
01F3  FF      		db	0ffh
01F4  FF      		db	0ffh
01F5  FF      		db	0ffh
01F6  FF      		db	0ffh
01F7  FF      		db	0ffh
01F8  FF      		db	0ffh
01F9  FF      		db	0ffh
01FA  FF      		db	0ffh
01FB  FF      		db	0ffh
01FC  FF      		db	0ffh
01FD  FF      		db	0ffh
01FE  FF      		db	0ffh
01FF  FF      		db	0ffh
0200  FF      		db	0ffh
0201  FF      		db	0ffh
0202  FF      		db	0ffh
0203  FF      		db	0ffh
0204  FF      		db	0ffh
0205  FF      		db	0ffh
0206  FF      		db	0ffh
0207  FF      		db	0ffh
0208  FF      		db	0ffh
0209  FF      		db	0ffh
020A  FF      		db	0ffh
020B  FF      		db	0ffh
020C  FF      		db	0ffh
020D  FF      		db	0ffh
020E  FF      		db	0ffh
020F  FF      		db	0ffh
0210  FF      		db	0ffh
0211  FF      		db	0ffh
0212  FF      		db	0ffh
0213  FF      		db	0ffh
0214  FF      		db	0ffh
0215  FF      		db	0ffh
0216  FF      		db	0ffh
0217  FF      		db	0ffh
0218  FF      		db	0ffh
0219  FF      		db	0ffh
021A  FF      		db	0ffh
021B  FF      		db	0ffh
021C  FF      		db	0ffh
021D  FF      		db	0ffh
021E  FF      		db	0ffh
021F  FF      		db	0ffh
0220  FF      		db	0ffh
0221  FF      		db	0ffh
0222  FF      		db	0ffh
0223  FF      		db	0ffh
0224  FF      		db	0ffh
0225  FF      		db	0ffh
0226  FF      		db	0ffh
0227  FF      		db	0ffh
0228  FF      		db	0ffh
0229  FF      		db	0ffh
022A  FF      		db	0ffh
022B  FF      		db	0ffh
022C  FF      		db	0ffh
022D  FF      		db	0ffh
022E  FF      		db	0ffh
022F  FF      		db	0ffh
0230  FF      		db	0ffh
0231  FF      		db	0ffh
0232  FF      		db	0ffh
0233  FF      		db	0ffh
0234  FF      		db	0ffh
0235  FF      		db	0ffh
0236  FF      		db	0ffh
0237  FF      		db	0ffh
0238  FF      		db	0ffh
0239  FF      		db	0ffh
023A  FF      		db	0ffh
023B  FF      		db	0ffh
023C  FF      		db	0ffh
023D  FF      		db	0ffh
023E  FF      		db	0ffh
023F  FF      		db	0ffh
0240  FF      		db	0ffh
0241  FF      		db	0ffh
0242  FF      		db	0ffh
0243  FF      		db	0ffh
0244  FF      		db	0ffh
0245  FF      		db	0ffh
0246  FF      		db	0ffh
0247  FF      		db	0ffh
0248  FF      		db	0ffh
0249  FF      		db	0ffh
024A  FF      		db	0ffh
024B  FF      		db	0ffh
024C  FF      		db	0ffh
024D  FF      		db	0ffh
024E  FF      		db	0ffh
024F  FF      		db	0ffh
0250  FF      		db	0ffh
0251  FF      		db	0ffh
0252  FF      		db	0ffh
0253  FF      		db	0ffh
0254  FF      		db	0ffh
0255  FF      		db	0ffh
0256  FF      		db	0ffh
0257  FF      		db	0ffh
0258  FF      		db	0ffh
0259  FF      		db	0ffh
025A  FF      		db	0ffh
025B  FF      		db	0ffh
025C  FF      		db	0ffh
025D  FF      		db	0ffh
025E  FF      		db	0ffh
025F  FF      		db	0ffh
0260  FF      		db	0ffh
0261  FF      		db	0ffh
0262  FF      		db	0ffh
0263  FF      		db	0ffh
0264  FF      		db	0ffh
0265  FF      		db	0ffh
0266  FF      		db	0ffh
0267  FF      		db	0ffh
0268  FF      		db	0ffh
0269  FF      		db	0ffh
026A  FF      		db	0ffh
026B  FF      		db	0ffh
026C  FF      		db	0ffh
026D  FF      		db	0ffh
026E  FF      		db	0ffh
026F  FF      		db	0ffh
0270  FF      		db	0ffh
0271  FF      		db	0ffh
0272  FF      		db	0ffh
0273  FF      		db	0ffh
0274  FF      		db	0ffh
0275  FF      		db	0ffh
0276  FF      		db	0ffh
0277  FF      		db	0ffh
0278  FF      		db	0ffh
0279  FF      		db	0ffh
027A  FF      		db	0ffh
027B  FF      		db	0ffh
027C  FF      		db	0ffh
027D  FF      		db	0ffh
027E  FF      		db	0ffh
027F  FF      		db	0ffh
0280  FF      		db	0ffh
0281  FF      		db	0ffh
0282  FF      		db	0ffh
0283  FF      		db	0ffh
0284  FF      		db	0ffh
0285  FF      		db	0ffh
0286  FF      		db	0ffh
0287  FF      		db	0ffh
0288  FF      		db	0ffh
0289  FF      		db	0ffh
028A  FF      		db	0ffh
028B  FF      		db	0ffh
028C  FF      		db	0ffh
028D  FF      		db	0ffh
028E  FF      		db	0ffh
028F  FF      		db	0ffh
0290  FF      		db	0ffh
0291  FF      		db	0ffh
0292  FF      		db	0ffh
0293  FF      		db	0ffh
0294  FF      		db	0ffh
0295  FF      		db	0ffh
0296  FF      		db	0ffh
0297  FF      		db	0ffh
0298  FF      		db	0ffh
0299  FF      		db	0ffh
029A  FF      		db	0ffh
029B  FF      		db	0ffh
029C  FF      		db	0ffh
029D  FF      		db	0ffh
029E  FF      		db	0ffh
029F  FF      		db	0ffh
02A0  FF      		db	0ffh
02A1  FF      		db	0ffh
02A2  FF      		db	0ffh
02A3  FF      		db	0ffh
02A4  FF      		db	0ffh
02A5  FF      		db	0ffh
02A6  FF      		db	0ffh
02A7  FF      		db	0ffh
02A8  FF      		db	0ffh
02A9  FF      		db	0ffh
02AA  FF      		db	0ffh
02AB  FF      		db	0ffh
02AC  FF      		db	0ffh
02AD  FF      		db	0ffh
02AE  FF      		db	0ffh
02AF  FF      		db	0ffh
02B0  FF      		db	0ffh
02B1  FF      		db	0ffh
02B2  FF      		db	0ffh
02B3  FF      		db	0ffh
02B4  FF      		db	0ffh
02B5  FF      		db	0ffh
02B6  FF      		db	0ffh
02B7  FF      		db	0ffh
02B8  FF      		db	0ffh
02B9  FF      		db	0ffh
02BA  FF      		db	0ffh
02BB  FF      		db	0ffh
02BC  FF      		db	0ffh
02BD  FF      		db	0ffh
02BE  FF      		db	0ffh
02BF  FF      		db	0ffh
02C0  FF      		db	0ffh
02C1  FF      		db	0ffh
02C2  FF      		db	0ffh
02C3  FF      		db	0ffh
02C4  FF      		db	0ffh
02C5  FF      		db	0ffh
02C6  FF      		db	0ffh
02C7  FF      		db	0ffh
02C8  FF      		db	0ffh
02C9  FF      		db	0ffh
02CA  FF      		db	0ffh
02CB  FF      		db	0ffh
02CC  FF      		db	0ffh
02CD  FF      		db	0ffh
02CE  FF      		db	0ffh
02CF  FF      		db	0ffh
02D0  FF      		db	0ffh
02D1  FF      		db	0ffh
02D2  FF      		db	0ffh
02D3  FF      		db	0ffh
02D4  FF      		db	0ffh
02D5  FF      		db	0ffh
02D6  FF      		db	0ffh
02D7  FF      		db	0ffh
02D8  FF      		db	0ffh
02D9  FF      		db	0ffh
02DA  FF      		db	0ffh
02DB  FF      		db	0ffh
02DC  FF      		db	0ffh
02DD  FF      		db	0ffh
02DE  FF      		db	0ffh
02DF  FF      		db	0ffh
02E0  FF      		db	0ffh
02E1  FF      		db	0ffh
02E2  FF      		db	0ffh
02E3  FF      		db	0ffh
02E4  FF      		db	0ffh
02E5  FF      		db	0ffh
02E6  FF      		db	0ffh
02E7  FF      		db	0ffh
02E8  FF      		db	0ffh
02E9  FF      		db	0ffh
02EA  FF      		db	0ffh
02EB  FF      		db	0ffh
02EC  FF      		db	0ffh
02ED  FF      		db	0ffh
02EE  FF      		db	0ffh
02EF  FF      		db	0ffh
02F0  FF      		db	0ffh
02F1  FF      		db	0ffh
02F2  FF      		db	0ffh
02F3  FF      		db	0ffh
02F4  FF      		db	0ffh
02F5  FF      		db	0ffh
02F6  FF      		db	0ffh
02F7  FF      		db	0ffh
02F8  FF      		db	0ffh
02F9  FF      		db	0ffh
02FA  FF      		db	0ffh
02FB  FF      		db	0ffh
02FC  FF      		db	0ffh
02FD  FF      		db	0ffh
02FE  FF      		db	0ffh
02FF  FF      		db	0ffh
0300  FF      		db	0ffh
0301  FF      		db	0ffh
0302  FF      		db	0ffh
0303  FF      		db	0ffh
0304  FF      		db	0ffh
0305  FF      		db	0ffh
0306  FF      		db	0ffh
0307  FF      		db	0ffh
0308  FF      		db	0ffh
0309  FF      		db	0ffh
030A  FF      		db	0ffh
030B  FF      		db	0ffh
030C  FF      		db	0ffh
030D  FF      		db	0ffh
030E  FF      		db	0ffh
030F  FF      		db	0ffh
0310  FF      		db	0ffh
0311  FF      		db	0ffh
0312  FF      		db	0ffh
0313  FF      		db	0ffh
0314  FF      		db	0ffh
0315  FF      		db	0ffh
0316  FF      		db	0ffh
0317  FF      		db	0ffh
0318  FF      		db	0ffh
0319  FF      		db	0ffh
031A  FF      		db	0ffh
031B  FF      		db	0ffh
031C  FF      		db	0ffh
031D  FF      		db	0ffh
031E  FF      		db	0ffh
031F  FF      		db	0ffh
0320  FF      		db	0ffh
0321  FF      		db	0ffh
0322  FF      		db	0ffh
0323  FF      		db	0ffh
0324  FF      		db	0ffh
0325  FF      		db	0ffh
0326  FF      		db	0ffh
0327  FF      		db	0ffh
0328  FF      		db	0ffh
0329  FF      		db	0ffh
032A  FF      		db	0ffh
032B  FF      		db	0ffh
032C  FF      		db	0ffh
032D  FF      		db	0ffh
032E  FF      		db	0ffh
032F  FF      		db	0ffh
0330  FF      		db	0ffh
0331  FF      		db	0ffh
0332  FF      		db	0ffh
0333  FF      		db	0ffh
0334  FF      		db	0ffh
0335  FF      		db	0ffh
0336  FF      		db	0ffh
0337  FF      		db	0ffh
0338  FF      		db	0ffh
0339  FF      		db	0ffh
033A  FF      		db	0ffh
033B  FF      		db	0ffh
033C  FF      		db	0ffh
033D  FF      		db	0ffh
033E  FF      		db	0ffh
033F  FF      		db	0ffh
0340  FF      		db	0ffh
0341  FF      		db	0ffh
0342  FF      		db	0ffh
0343  FF      		db	0ffh
0344  FF      		db	0ffh
0345  FF      		db	0ffh
0346  FF      		db	0ffh
0347  FF      		db	0ffh
0348  FF      		db	0ffh
0349  FF      		db	0ffh
034A  FF      		db	0ffh
034B  FF      		db	0ffh
034C  FF      		db	0ffh
034D  FF      		db	0ffh
034E  FF      		db	0ffh
034F  FF      		db	0ffh
0350  FF      		db	0ffh
0351  FF      		db	0ffh
0352  FF      		db	0ffh
0353  FF      		db	0ffh
0354  FF      		db	0ffh
0355  FF      		db	0ffh
0356  FF      		db	0ffh
0357  FF      		db	0ffh
0358  FF      		db	0ffh
0359  FF      		db	0ffh
035A  FF      		db	0ffh
035B  FF      		db	0ffh
035C  FF      		db	0ffh
035D  FF      		db	0ffh
035E  FF      		db	0ffh
035F  FF      		db	0ffh
0360  FF      		db	0ffh
0361  FF      		db	0ffh
0362  FF      		db	0ffh
0363  FF      		db	0ffh
0364  FF      		db	0ffh
0365  FF      		db	0ffh
0366  FF      		db	0ffh
0367  FF      		db	0ffh
0368  FF      		db	0ffh
0369  FF      		db	0ffh
036A  FF      		db	0ffh
036B  FF      		db	0ffh
036C  FF      		db	0ffh
036D  FF      		db	0ffh
036E  FF      		db	0ffh
036F  FF      		db	0ffh
0370  FF      		db	0ffh
0371  FF      		db	0ffh
0372  FF      		db	0ffh
0373  FF      		db	0ffh
0374  FF      		db	0ffh
0375  FF      		db	0ffh
0376  FF      		db	0ffh
0377  FF      		db	0ffh
0378  FF      		db	0ffh
0379  FF      		db	0ffh
037A  FF      		db	0ffh
037B  FF      		db	0ffh
037C  FF      		db	0ffh
037D  FF      		db	0ffh
037E  FF      		db	0ffh
037F  FF      		db	0ffh
0380  FF      		db	0ffh
0381  FF      		db	0ffh
0382  FF      		db	0ffh
0383  FF      		db	0ffh
0384  FF      		db	0ffh
0385  FF      		db	0ffh
0386  FF      		db	0ffh
0387  FF      		db	0ffh
0388  FF      		db	0ffh
0389  FF      		db	0ffh
038A  FF      		db	0ffh
038B  FF      		db	0ffh
038C  FF      		db	0ffh
038D  FF      		db	0ffh
038E  FF      		db	0ffh
038F  FF      		db	0ffh
0390  FF      		db	0ffh
0391  FF      		db	0ffh
0392  FF      		db	0ffh
0393  FF      		db	0ffh
0394  FF      		db	0ffh
0395  FF      		db	0ffh
0396  FF      		db	0ffh
0397  FF      		db	0ffh
0398  FF      		db	0ffh
0399  FF      		db	0ffh
039A  FF      		db	0ffh
039B  FF      		db	0ffh
039C  FF      		db	0ffh
039D  FF      		db	0ffh
039E  FF      		db	0ffh
039F  FF      		db	0ffh
03A0  FF      		db	0ffh
03A1  FF      		db	0ffh
03A2  FF      		db	0ffh
03A3  FF      		db	0ffh
03A4  FF      		db	0ffh
03A5  FF      		db	0ffh
03A6  FF      		db	0ffh
03A7  FF      		db	0ffh
03A8  FF      		db	0ffh
03A9  FF      		db	0ffh
03AA  FF      		db	0ffh
03AB  FF      		db	0ffh
03AC  FF      		db	0ffh
03AD  FF      		db	0ffh
03AE  FF      		db	0ffh
03AF  FF      		db	0ffh
03B0  FF      		db	0ffh
03B1  FF      		db	0ffh
03B2  FF      		db	0ffh
03B3  FF      		db	0ffh
03B4  FF      		db	0ffh
03B5  FF      		db	0ffh
03B6  FF      		db	0ffh
03B7  FF      		db	0ffh
03B8  FF      		db	0ffh
03B9  FF      		db	0ffh
03BA  FF      		db	0ffh
03BB  FF      		db	0ffh
03BC  FF      		db	0ffh
03BD  FF      		db	0ffh
03BE  FF      		db	0ffh
03BF  FF      		db	0ffh
03C0  FF      		db	0ffh
03C1  FF      		db	0ffh
03C2  FF      		db	0ffh
03C3  FF      		db	0ffh
03C4  FF      		db	0ffh
03C5  FF      		db	0ffh
03C6  FF      		db	0ffh
03C7  FF      		db	0ffh
03C8  FF      		db	0ffh
03C9  FF      		db	0ffh
03CA  FF      		db	0ffh
03CB  FF      		db	0ffh
03CC  FF      		db	0ffh
03CD  FF      		db	0ffh
03CE  FF      		db	0ffh
03CF  FF      		db	0ffh
03D0  FF      		db	0ffh
03D1  FF      		db	0ffh
03D2  FF      		db	0ffh
03D3  FF      		db	0ffh
03D4  FF      		db	0ffh
03D5  FF      		db	0ffh
03D6  FF      		db	0ffh
03D7  FF      		db	0ffh
03D8  FF      		db	0ffh
03D9  FF      		db	0ffh
03DA  FF      		db	0ffh
03DB  FF      		db	0ffh
03DC  FF      		db	0ffh
03DD  FF      		db	0ffh
03DE  FF      		db	0ffh
03DF  FF      		db	0ffh
03E0  FF      		db	0ffh
03E1  FF      		db	0ffh
03E2  FF      		db	0ffh
03E3  FF      		db	0ffh
03E4  FF      		db	0ffh
03E5  FF      		db	0ffh
03E6  FF      		db	0ffh
03E7  FF      		db	0ffh
03E8  FF      		db	0ffh
03E9  FF      		db	0ffh
03EA  FF      		db	0ffh
03EB  FF      		db	0ffh
03EC  FF      		db	0ffh
03ED  FF      		db	0ffh
03EE  FF      		db	0ffh
03EF  FF      		db	0ffh
03F0  FF      		db	0ffh
03F1  FF      		db	0ffh
03F2  FF      		db	0ffh
03F3  FF      		db	0ffh
03F4  FF      		db	0ffh
03F5  FF      		db	0ffh
03F6  FF      		db	0ffh
03F7  FF      		db	0ffh
03F8  FF      		db	0ffh
03F9  FF      		db	0ffh
03FA  FF      		db	0ffh
03FB  FF      		db	0ffh
03FC  FF      		db	0ffh
03FD  FF      		db	0ffh
03FE  FF      		db	0ffh
03FF  FF      		db	0ffh
0400  FF      		db	0ffh
0401  FF      		db	0ffh
0402  FF      		db	0ffh
0403  FF      		db	0ffh
0404  FF      		db	0ffh
0405  FF      		db	0ffh
0406  FF      		db	0ffh
0407  FF      		db	0ffh
0408  FF      		db	0ffh
0409  FF      		db	0ffh
040A  FF      		db	0ffh
040B  FF      		db	0ffh
040C  FF      		db	0ffh
040D  FF      		db	0ffh
040E  FF      		db	0ffh
040F  FF      		db	0ffh
0410  FF      		db	0ffh
0411  FF      		db	0ffh
0412  FF      		db	0ffh
0413  FF      		db	0ffh
0414  FF      		db	0ffh
0415  FF      		db	0ffh
0416  FF      		db	0ffh
0417  FF      		db	0ffh
0418  FF      		db	0ffh
0419  FF      		db	0ffh
041A  FF      		db	0ffh
041B  FF      		db	0ffh
041C  FF      		db	0ffh
041D  FF      		db	0ffh
041E  FF      		db	0ffh
041F  FF      		db	0ffh
0420  FF      		db	0ffh
0421  FF      		db	0ffh
0422  FF      		db	0ffh
0423  FF      		db	0ffh
0424  FF      		db	0ffh
0425  FF      		db	0ffh
0426  FF      		db	0ffh
0427  FF      		db	0ffh
0428  FF      		db	0ffh
0429  FF      		db	0ffh
042A  FF      		db	0ffh
042B  FF      		db	0ffh
042C  FF      		db	0ffh
042D  FF      		db	0ffh
042E  FF      		db	0ffh
042F  FF      		db	0ffh
0430  FF      		db	0ffh
0431  FF      		db	0ffh
0432  FF      		db	0ffh
0433  FF      		db	0ffh
0434  FF      		db	0ffh
0435  FF      		db	0ffh
0436  FF      		db	0ffh
0437  FF      		db	0ffh
0438  FF      		db	0ffh
0439  FF      		db	0ffh
043A  FF      		db	0ffh
043B  FF      		db	0ffh
043C  FF      		db	0ffh
043D  FF      		db	0ffh
043E  FF      		db	0ffh
043F  FF      		db	0ffh
0440  FF      		db	0ffh
0441  FF      		db	0ffh
0442  FF      		db	0ffh
0443  FF      		db	0ffh
0444  FF      		db	0ffh
0445  FF      		db	0ffh
0446  FF      		db	0ffh
0447  FF      		db	0ffh
0448  FF      		db	0ffh
0449  FF      		db	0ffh
044A  FF      		db	0ffh
044B  FF      		db	0ffh
044C  FF      		db	0ffh
044D  FF      		db	0ffh
044E  FF      		db	0ffh
044F  FF      		db	0ffh
0450  FF      		db	0ffh
0451  FF      		db	0ffh
0452  FF      		db	0ffh
0453  FF      		db	0ffh
0454  FF      		db	0ffh
0455  FF      		db	0ffh
0456  FF      		db	0ffh
0457  FF      		db	0ffh
0458  FF      		db	0ffh
0459  FF      		db	0ffh
045A  FF      		db	0ffh
045B  FF      		db	0ffh
045C  FF      		db	0ffh
045D  FF      		db	0ffh
045E  FF      		db	0ffh
045F  FF      		db	0ffh
0460  FF      		db	0ffh
0461  FF      		db	0ffh
0462  FF      		db	0ffh
0463  FF      		db	0ffh
0464  FF      		db	0ffh
0465  FF      		db	0ffh
0466  FF      		db	0ffh
0467  FF      		db	0ffh
0468  FF      		db	0ffh
0469  FF      		db	0ffh
046A  FF      		db	0ffh
046B  FF      		db	0ffh
046C  FF      		db	0ffh
046D  FF      		db	0ffh
046E  FF      		db	0ffh
046F  FF      		db	0ffh
0470  FF      		db	0ffh
0471  FF      		db	0ffh
0472  FF      		db	0ffh
0473  FF      		db	0ffh
0474  FF      		db	0ffh
0475  FF      		db	0ffh
0476  FF      		db	0ffh
0477  FF      		db	0ffh
0478  FF      		db	0ffh
0479  FF      		db	0ffh
047A  FF      		db	0ffh
047B  FF      		db	0ffh
047C  FF      		db	0ffh
047D  FF      		db	0ffh
047E  FF      		db	0ffh
047F  FF      		db	0ffh
0480  FF      		db	0ffh
0481  FF      		db	0ffh
0482  FF      		db	0ffh
0483  FF      		db	0ffh
0484  FF      		db	0ffh
0485  FF      		db	0ffh
0486  FF      		db	0ffh
0487  FF      		db	0ffh
0488  FF      		db	0ffh
0489  FF      		db	0ffh
048A  FF      		db	0ffh
048B  FF      		db	0ffh
048C  FF      		db	0ffh
048D  FF      		db	0ffh
048E  FF      		db	0ffh
048F  FF      		db	0ffh
0490  FF      		db	0ffh
0491  FF      		db	0ffh
0492  FF      		db	0ffh
0493  FF      		db	0ffh
0494  FF      		db	0ffh
0495  FF      		db	0ffh
0496  FF      		db	0ffh
0497  FF      		db	0ffh
0498  FF      		db	0ffh
0499  FF      		db	0ffh
049A  FF      		db	0ffh
049B  FF      		db	0ffh
049C  FF      		db	0ffh
049D  FF      		db	0ffh
049E  FF      		db	0ffh
049F  FF      		db	0ffh
04A0  FF      		db	0ffh
04A1  FF      		db	0ffh
04A2  FF      		db	0ffh
04A3  FF      		db	0ffh
04A4  FF      		db	0ffh
04A5  FF      		db	0ffh
04A6  FF      		db	0ffh
04A7  FF      		db	0ffh
04A8  FF      		db	0ffh
04A9  FF      		db	0ffh
04AA  FF      		db	0ffh
04AB  FF      		db	0ffh
04AC  FF      		db	0ffh
04AD  FF      		db	0ffh
04AE  FF      		db	0ffh
04AF  FF      		db	0ffh
04B0  FF      		db	0ffh
04B1  FF      		db	0ffh
04B2  FF      		db	0ffh
04B3  FF      		db	0ffh
04B4  FF      		db	0ffh
04B5  FF      		db	0ffh
04B6  FF      		db	0ffh
04B7  FF      		db	0ffh
04B8  FF      		db	0ffh
04B9  FF      		db	0ffh
04BA  FF      		db	0ffh
04BB  FF      		db	0ffh
04BC  FF      		db	0ffh
04BD  FF      		db	0ffh
04BE  FF      		db	0ffh
04BF  FF      		db	0ffh
04C0  FF      		db	0ffh
04C1  FF      		db	0ffh
04C2  FF      		db	0ffh
04C3  FF      		db	0ffh
04C4  FF      		db	0ffh
04C5  FF      		db	0ffh
04C6  FF      		db	0ffh
04C7  FF      		db	0ffh
04C8  FF      		db	0ffh
04C9  FF      		db	0ffh
04CA  FF      		db	0ffh
04CB  FF      		db	0ffh
04CC  FF      		db	0ffh
04CD  FF      		db	0ffh
04CE  FF      		db	0ffh
04CF  FF      		db	0ffh
04D0  FF      		db	0ffh
04D1  FF      		db	0ffh
04D2  FF      		db	0ffh
04D3  FF      		db	0ffh
04D4  FF      		db	0ffh
04D5  FF      		db	0ffh
04D6  FF      		db	0ffh
04D7  FF      		db	0ffh
04D8  FF      		db	0ffh
04D9  FF      		db	0ffh
04DA  FF      		db	0ffh
04DB  FF      		db	0ffh
04DC  FF      		db	0ffh
04DD  FF      		db	0ffh
04DE  FF      		db	0ffh
04DF  FF      		db	0ffh
04E0  FF      		db	0ffh
04E1  FF      		db	0ffh
04E2  FF      		db	0ffh
04E3  FF      		db	0ffh
04E4  FF      		db	0ffh
04E5  FF      		db	0ffh
04E6  FF      		db	0ffh
04E7  FF      		db	0ffh
04E8  FF      		db	0ffh
04E9  FF      		db	0ffh
04EA  FF      		db	0ffh
04EB  FF      		db	0ffh
04EC  FF      		db	0ffh
04ED  FF      		db	0ffh
04EE  FF      		db	0ffh
04EF  FF      		db	0ffh
04F0  FF      		db	0ffh
04F1  FF      		db	0ffh
04F2  FF      		db	0ffh
04F3  FF      		db	0ffh
04F4  FF      		db	0ffh
04F5  FF      		db	0ffh
04F6  FF      		db	0ffh
04F7  FF      		db	0ffh
04F8  FF      		db	0ffh
04F9  FF      		db	0ffh
04FA  FF      		db	0ffh
04FB  FF      		db	0ffh
04FC  FF      		db	0ffh
04FD  FF      		db	0ffh
04FE  FF      		db	0ffh
04FF  FF      		db	0ffh
0500  FF      		db	0ffh
0501  FF      		db	0ffh
0502  FF      		db	0ffh
0503  FF      		db	0ffh
0504  FF      		db	0ffh
0505  FF      		db	0ffh
0506  FF      		db	0ffh
0507  FF      		db	0ffh
0508  FF      		db	0ffh
0509  FF      		db	0ffh
050A  FF      		db	0ffh
050B  FF      		db	0ffh
050C  FF      		db	0ffh
050D  FF      		db	0ffh
050E  FF      		db	0ffh
050F  FF      		db	0ffh
0510  FF      		db	0ffh
0511  FF      		db	0ffh
0512  FF      		db	0ffh
0513  FF      		db	0ffh
0514  FF      		db	0ffh
0515  FF      		db	0ffh
0516  FF      		db	0ffh
0517  FF      		db	0ffh
0518  FF      		db	0ffh
0519  FF      		db	0ffh
051A  FF      		db	0ffh
051B  FF      		db	0ffh
051C  FF      		db	0ffh
051D  FF      		db	0ffh
051E  FF      		db	0ffh
051F  FF      		db	0ffh
0520  FF      		db	0ffh
0521  FF      		db	0ffh
0522  FF      		db	0ffh
0523  FF      		db	0ffh
0524  FF      		db	0ffh
0525  FF      		db	0ffh
0526  FF      		db	0ffh
0527  FF      		db	0ffh
0528  FF      		db	0ffh
0529  FF      		db	0ffh
052A  FF      		db	0ffh
052B  FF      		db	0ffh
052C  FF      		db	0ffh
052D  FF      		db	0ffh
052E  FF      		db	0ffh
052F  FF      		db	0ffh
0530  FF      		db	0ffh
0531  FF      		db	0ffh
0532  FF      		db	0ffh
0533  FF      		db	0ffh
0534  FF      		db	0ffh
0535  FF      		db	0ffh
0536  FF      		db	0ffh
0537  FF      		db	0ffh
0538  FF      		db	0ffh
0539  FF      		db	0ffh
053A  FF      		db	0ffh
053B  FF      		db	0ffh
053C  FF      		db	0ffh
053D  FF      		db	0ffh
053E  FF      		db	0ffh
053F  FF      		db	0ffh
0540  FF      		db	0ffh
0541  FF      		db	0ffh
0542  FF      		db	0ffh
0543  FF      		db	0ffh
0544  FF      		db	0ffh
0545  FF      		db	0ffh
0546  FF      		db	0ffh
0547  FF      		db	0ffh
0548  FF      		db	0ffh
0549  FF      		db	0ffh
054A  FF      		db	0ffh
054B  FF      		db	0ffh
054C  FF      		db	0ffh
054D  FF      		db	0ffh
054E  FF      		db	0ffh
054F  FF      		db	0ffh
0550  FF      		db	0ffh
0551  FF      		db	0ffh
0552  FF      		db	0ffh
0553  FF      		db	0ffh
0554  FF      		db	0ffh
0555  FF      		db	0ffh
0556  FF      		db	0ffh
0557  FF      		db	0ffh
0558  FF      		db	0ffh
0559  FF      		db	0ffh
055A  FF      		db	0ffh
055B  FF      		db	0ffh
055C  FF      		db	0ffh
055D  FF      		db	0ffh
055E  FF      		db	0ffh
055F  FF      		db	0ffh
0560  FF      		db	0ffh
0561  FF      		db	0ffh
0562  FF      		db	0ffh
0563  FF      		db	0ffh
0564  FF      		db	0ffh
0565  FF      		db	0ffh
0566  FF      		db	0ffh
0567  FF      		db	0ffh
0568  FF      		db	0ffh
0569  FF      		db	0ffh
056A  FF      		db	0ffh
056B  FF      		db	0ffh
056C  FF      		db	0ffh
056D  FF      		db	0ffh
056E  FF      		db	0ffh
056F  FF      		db	0ffh
0570  FF      		db	0ffh
0571  FF      		db	0ffh
0572  FF      		db	0ffh
0573  FF      		db	0ffh
0574  FF      		db	0ffh
0575  FF      		db	0ffh
0576  FF      		db	0ffh
0577  FF      		db	0ffh
0578  FF      		db	0ffh
0579  FF      		db	0ffh
057A  FF      		db	0ffh
057B  FF      		db	0ffh
057C  FF      		db	0ffh
057D  FF      		db	0ffh
057E  FF      		db	0ffh
057F  FF      		db	0ffh
0580  FF      		db	0ffh
0581  FF      		db	0ffh
0582  FF      		db	0ffh
0583  FF      		db	0ffh
0584  FF      		db	0ffh
0585  FF      		db	0ffh
0586  FF      		db	0ffh
0587  FF      		db	0ffh
0588  FF      		db	0ffh
0589  FF      		db	0ffh
058A  FF      		db	0ffh
058B  FF      		db	0ffh
058C  FF      		db	0ffh
058D  FF      		db	0ffh
058E  FF      		db	0ffh
058F  FF      		db	0ffh
0590  FF      		db	0ffh
0591  FF      		db	0ffh
0592  FF      		db	0ffh
0593  FF      		db	0ffh
0594  FF      		db	0ffh
0595  FF      		db	0ffh
0596  FF      		db	0ffh
0597  FF      		db	0ffh
0598  FF      		db	0ffh
0599  FF      		db	0ffh
059A  FF      		db	0ffh
059B  FF      		db	0ffh
059C  FF      		db	0ffh
059D  FF      		db	0ffh
059E  FF      		db	0ffh
059F  FF      		db	0ffh
05A0  FF      		db	0ffh
05A1  FF      		db	0ffh
05A2  FF      		db	0ffh
05A3  FF      		db	0ffh
05A4  FF      		db	0ffh
05A5  FF      		db	0ffh
05A6  FF      		db	0ffh
05A7  FF      		db	0ffh
05A8  FF      		db	0ffh
05A9  FF      		db	0ffh
05AA  FF      		db	0ffh
05AB  FF      		db	0ffh
05AC  FF      		db	0ffh
05AD  FF      		db	0ffh
05AE  FF      		db	0ffh
05AF  FF      		db	0ffh
05B0  FF      		db	0ffh
05B1  FF      		db	0ffh
05B2  FF      		db	0ffh
05B3  FF      		db	0ffh
05B4  FF      		db	0ffh
05B5  FF      		db	0ffh
05B6  FF      		db	0ffh
05B7  FF      		db	0ffh
05B8  FF      		db	0ffh
05B9  FF      		db	0ffh
05BA  FF      		db	0ffh
05BB  FF      		db	0ffh
05BC  FF      		db	0ffh
05BD  FF      		db	0ffh
05BE  FF      		db	0ffh
05BF  FF      		db	0ffh
05C0  FF      		db	0ffh
05C1  FF      		db	0ffh
05C2  FF      		db	0ffh
05C3  FF      		db	0ffh
05C4  FF      		db	0ffh
05C5  FF      		db	0ffh
05C6  FF      		db	0ffh
05C7  FF      		db	0ffh
05C8  FF      		db	0ffh
05C9  FF      		db	0ffh
05CA  FF      		db	0ffh
05CB  FF      		db	0ffh
05CC  FF      		db	0ffh
05CD  FF      		db	0ffh
05CE  FF      		db	0ffh
05CF  FF      		db	0ffh
05D0  FF      		db	0ffh
05D1  FF      		db	0ffh
05D2  FF      		db	0ffh
05D3  FF      		db	0ffh
05D4  FF      		db	0ffh
05D5  FF      		db	0ffh
05D6  FF      		db	0ffh
05D7  FF      		db	0ffh
05D8  FF      		db	0ffh
05D9  FF      		db	0ffh
05DA  FF      		db	0ffh
05DB  FF      		db	0ffh
05DC  FF      		db	0ffh
05DD  FF      		db	0ffh
05DE  FF      		db	0ffh
05DF  FF      		db	0ffh
05E0  FF      		db	0ffh
05E1  FF      		db	0ffh
05E2  FF      		db	0ffh
05E3  FF      		db	0ffh
05E4  FF      		db	0ffh
05E5  FF      		db	0ffh
05E6  FF      		db	0ffh
05E7  FF      		db	0ffh
05E8  FF      		db	0ffh
05E9  FF      		db	0ffh
05EA  FF      		db	0ffh
05EB  FF      		db	0ffh
05EC  FF      		db	0ffh
05ED  FF      		db	0ffh
05EE  FF      		db	0ffh
05EF  FF      		db	0ffh
05F0  FF      		db	0ffh
05F1  FF      		db	0ffh
05F2  FF      		db	0ffh
05F3  FF      		db	0ffh
05F4  FF      		db	0ffh
05F5  FF      		db	0ffh
05F6  FF      		db	0ffh
05F7  FF      		db	0ffh
05F8  FF      		db	0ffh
05F9  FF      		db	0ffh
05FA  FF      		db	0ffh
05FB  FF      		db	0ffh
05FC  FF      		db	0ffh
05FD  FF      		db	0ffh
05FE  FF      		db	0ffh
05FF  FF      		db	0ffh
0600  FF      		db	0ffh
0601  FF      		db	0ffh
0602  FF      		db	0ffh
0603  FF      		db	0ffh
0604  FF      		db	0ffh
0605  FF      		db	0ffh
0606  FF      		db	0ffh
0607  FF      		db	0ffh
0608  FF      		db	0ffh
0609  FF      		db	0ffh
060A  FF      		db	0ffh
060B  FF      		db	0ffh
060C  FF      		db	0ffh
060D  FF      		db	0ffh
060E  FF      		db	0ffh
060F  FF      		db	0ffh
0610  FF      		db	0ffh
0611  FF      		db	0ffh
0612  FF      		db	0ffh
0613  FF      		db	0ffh
0614  FF      		db	0ffh
0615  FF      		db	0ffh
0616  FF      		db	0ffh
0617  FF      		db	0ffh
0618  FF      		db	0ffh
0619  FF      		db	0ffh
061A  FF      		db	0ffh
061B  FF      		db	0ffh
061C  FF      		db	0ffh
061D  FF      		db	0ffh
061E  FF      		db	0ffh
061F  FF      		db	0ffh
0620  FF      		db	0ffh
0621  FF      		db	0ffh
0622  FF      		db	0ffh
0623  FF      		db	0ffh
0624  FF      		db	0ffh
0625  FF      		db	0ffh
0626  FF      		db	0ffh
0627  FF      		db	0ffh
0628  FF      		db	0ffh
0629  FF      		db	0ffh
062A  FF      		db	0ffh
062B  FF      		db	0ffh
062C  FF      		db	0ffh
062D  FF      		db	0ffh
062E  FF      		db	0ffh
062F  FF      		db	0ffh
0630  FF      		db	0ffh
0631  FF      		db	0ffh
0632  FF      		db	0ffh
0633  FF      		db	0ffh
0634  FF      		db	0ffh
0635  FF      		db	0ffh
0636  FF      		db	0ffh
0637  FF      		db	0ffh
0638  FF      		db	0ffh
0639  FF      		db	0ffh
063A  FF      		db	0ffh
063B  FF      		db	0ffh
063C  FF      		db	0ffh
063D  FF      		db	0ffh
063E  FF      		db	0ffh
063F  FF      		db	0ffh
0640  FF      		db	0ffh
0641  FF      		db	0ffh
0642  FF      		db	0ffh
0643  FF      		db	0ffh
0644  FF      		db	0ffh
0645  FF      		db	0ffh
0646  FF      		db	0ffh
0647  FF      		db	0ffh
0648  FF      		db	0ffh
0649  FF      		db	0ffh
064A  FF      		db	0ffh
064B  FF      		db	0ffh
064C  FF      		db	0ffh
064D  FF      		db	0ffh
064E  FF      		db	0ffh
064F  FF      		db	0ffh
0650  FF      		db	0ffh
0651  FF      		db	0ffh
0652  FF      		db	0ffh
0653  FF      		db	0ffh
0654  FF      		db	0ffh
0655  FF      		db	0ffh
0656  FF      		db	0ffh
0657  FF      		db	0ffh
0658  FF      		db	0ffh
0659  FF      		db	0ffh
065A  FF      		db	0ffh
065B  FF      		db	0ffh
065C  FF      		db	0ffh
065D  FF      		db	0ffh
065E  FF      		db	0ffh
065F  FF      		db	0ffh
0660  FF      		db	0ffh
0661  FF      		db	0ffh
0662  FF      		db	0ffh
0663  FF      		db	0ffh
0664  FF      		db	0ffh
0665  FF      		db	0ffh
0666  FF      		db	0ffh
0667  FF      		db	0ffh
0668  FF      		db	0ffh
0669  FF      		db	0ffh
066A  FF      		db	0ffh
066B  FF      		db	0ffh
066C  FF      		db	0ffh
066D  FF      		db	0ffh
066E  FF      		db	0ffh
066F  FF      		db	0ffh
0670  FF      		db	0ffh
0671  FF      		db	0ffh
0672  FF      		db	0ffh
0673  FF      		db	0ffh
0674  FF      		db	0ffh
0675  FF      		db	0ffh
0676  FF      		db	0ffh
0677  FF      		db	0ffh
0678  FF      		db	0ffh
0679  FF      		db	0ffh
067A  FF      		db	0ffh
067B  FF      		db	0ffh
067C  FF      		db	0ffh
067D  FF      		db	0ffh
067E  FF      		db	0ffh
067F  FF      		db	0ffh
0680  FF      		db	0ffh
0681  FF      		db	0ffh
0682  FF      		db	0ffh
0683  FF      		db	0ffh
0684  FF      		db	0ffh
0685  FF      		db	0ffh
0686  FF      		db	0ffh
0687  FF      		db	0ffh
0688  FF      		db	0ffh
0689  FF      		db	0ffh
068A  FF      		db	0ffh
068B  FF      		db	0ffh
068C  FF      		db	0ffh
068D  FF      		db	0ffh
068E  FF      		db	0ffh
068F  FF      		db	0ffh
0690  FF      		db	0ffh
0691  FF      		db	0ffh
0692  FF      		db	0ffh
0693  FF      		db	0ffh
0694  FF      		db	0ffh
0695  FF      		db	0ffh
0696  FF      		db	0ffh
0697  FF      		db	0ffh
0698  FF      		db	0ffh
0699  FF      		db	0ffh
069A  FF      		db	0ffh
069B  FF      		db	0ffh
069C  FF      		db	0ffh
069D  FF      		db	0ffh
069E  FF      		db	0ffh
069F  FF      		db	0ffh
06A0  FF      		db	0ffh
06A1  FF      		db	0ffh
06A2  FF      		db	0ffh
06A3  FF      		db	0ffh
06A4  FF      		db	0ffh
06A5  FF      		db	0ffh
06A6  FF      		db	0ffh
06A7  FF      		db	0ffh
06A8  FF      		db	0ffh
06A9  FF      		db	0ffh
06AA  FF      		db	0ffh
06AB  FF      		db	0ffh
06AC  FF      		db	0ffh
06AD  FF      		db	0ffh
06AE  FF      		db	0ffh
06AF  FF      		db	0ffh
06B0  FF      		db	0ffh
06B1  FF      		db	0ffh
06B2  FF      		db	0ffh
06B3  FF      		db	0ffh
06B4  FF      		db	0ffh
06B5  FF      		db	0ffh
06B6  FF      		db	0ffh
06B7  FF      		db	0ffh
06B8  FF      		db	0ffh
06B9  FF      		db	0ffh
06BA  FF      		db	0ffh
06BB  FF      		db	0ffh
06BC  FF      		db	0ffh
06BD  FF      		db	0ffh
06BE  FF      		db	0ffh
06BF  FF      		db	0ffh
06C0  FF      		db	0ffh
06C1  FF      		db	0ffh
06C2  FF      		db	0ffh
06C3  FF      		db	0ffh
06C4  FF      		db	0ffh
06C5  FF      		db	0ffh
06C6  FF      		db	0ffh
06C7  FF      		db	0ffh
06C8  FF      		db	0ffh
06C9  FF      		db	0ffh
06CA  FF      		db	0ffh
06CB  FF      		db	0ffh
06CC  FF      		db	0ffh
06CD  FF      		db	0ffh
06CE  FF      		db	0ffh
06CF  FF      		db	0ffh
06D0  FF      		db	0ffh
06D1  FF      		db	0ffh
06D2  FF      		db	0ffh
06D3  FF      		db	0ffh
06D4  FF      		db	0ffh
06D5  FF      		db	0ffh
06D6  FF      		db	0ffh
06D7  FF      		db	0ffh
06D8  FF      		db	0ffh
06D9  FF      		db	0ffh
06DA  FF      		db	0ffh
06DB  FF      		db	0ffh
06DC  FF      		db	0ffh
06DD  FF      		db	0ffh
06DE  FF      		db	0ffh
06DF  FF      		db	0ffh
06E0  FF      		db	0ffh
06E1  FF      		db	0ffh
06E2  FF      		db	0ffh
06E3  FF      		db	0ffh
06E4  FF      		db	0ffh
06E5  FF      		db	0ffh
06E6  FF      		db	0ffh
06E7  FF      		db	0ffh
06E8  FF      		db	0ffh
06E9  FF      		db	0ffh
06EA  FF      		db	0ffh
06EB  FF      		db	0ffh
06EC  FF      		db	0ffh
06ED  FF      		db	0ffh
06EE  FF      		db	0ffh
06EF  FF      		db	0ffh
06F0  FF      		db	0ffh
06F1  FF      		db	0ffh
06F2  FF      		db	0ffh
06F3  FF      		db	0ffh
06F4  FF      		db	0ffh
06F5  FF      		db	0ffh
06F6  FF      		db	0ffh
06F7  FF      		db	0ffh
06F8  FF      		db	0ffh
06F9  FF      		db	0ffh
06FA  FF      		db	0ffh
06FB  FF      		db	0ffh
06FC  FF      		db	0ffh
06FD  FF      		db	0ffh
06FE  FF      		db	0ffh
06FF  FF      		db	0ffh
0700  FF      		db	0ffh
0701  FF      		db	0ffh
0702  FF      		db	0ffh
0703  FF      		db	0ffh
0704  FF      		db	0ffh
0705  FF      		db	0ffh
0706  FF      		db	0ffh
0707  FF      		db	0ffh
0708  FF      		db	0ffh
0709  FF      		db	0ffh
070A  FF      		db	0ffh
070B  FF      		db	0ffh
070C  FF      		db	0ffh
070D  FF      		db	0ffh
070E  FF      		db	0ffh
070F  FF      		db	0ffh
0710  FF      		db	0ffh
0711  FF      		db	0ffh
0712  FF      		db	0ffh
0713  FF      		db	0ffh
0714  FF      		db	0ffh
0715  FF      		db	0ffh
0716  FF      		db	0ffh
0717  FF      		db	0ffh
0718  FF      		db	0ffh
0719  FF      		db	0ffh
071A  FF      		db	0ffh
071B  FF      		db	0ffh
071C  FF      		db	0ffh
071D  FF      		db	0ffh
071E  FF      		db	0ffh
071F  FF      		db	0ffh
0720  FF      		db	0ffh
0721  FF      		db	0ffh
0722  FF      		db	0ffh
0723  FF      		db	0ffh
0724  FF      		db	0ffh
0725  FF      		db	0ffh
0726  FF      		db	0ffh
0727  FF      		db	0ffh
0728  FF      		db	0ffh
0729  FF      		db	0ffh
072A  FF      		db	0ffh
072B  FF      		db	0ffh
072C  FF      		db	0ffh
072D  FF      		db	0ffh
072E  FF      		db	0ffh
072F  FF      		db	0ffh
0730  FF      		db	0ffh
0731  FF      		db	0ffh
0732  FF      		db	0ffh
0733  FF      		db	0ffh
0734  FF      		db	0ffh
0735  FF      		db	0ffh
0736  FF      		db	0ffh
0737  FF      		db	0ffh
0738  FF      		db	0ffh
0739  FF      		db	0ffh
073A  FF      		db	0ffh
073B  FF      		db	0ffh
073C  FF      		db	0ffh
073D  FF      		db	0ffh
073E  FF      		db	0ffh
073F  FF      		db	0ffh
0740  FF      		db	0ffh
0741  FF      		db	0ffh
0742  FF      		db	0ffh
0743  FF      		db	0ffh
0744  FF      		db	0ffh
0745  FF      		db	0ffh
0746  FF      		db	0ffh
0747  FF      		db	0ffh
0748  FF      		db	0ffh
0749  FF      		db	0ffh
074A  FF      		db	0ffh
074B  FF      		db	0ffh
074C  FF      		db	0ffh
074D  FF      		db	0ffh
074E  FF      		db	0ffh
074F  FF      		db	0ffh
0750  FF      		db	0ffh
0751  FF      		db	0ffh
0752  FF      		db	0ffh
0753  FF      		db	0ffh
0754  FF      		db	0ffh
0755  FF      		db	0ffh
0756  FF      		db	0ffh
0757  FF      		db	0ffh
0758  FF      		db	0ffh
0759  FF      		db	0ffh
075A  FF      		db	0ffh
075B  FF      		db	0ffh
075C  FF      		db	0ffh
075D  FF      		db	0ffh
075E  FF      		db	0ffh
075F  FF      		db	0ffh
0760  FF      		db	0ffh
0761  FF      		db	0ffh
0762  FF      		db	0ffh
0763  FF      		db	0ffh
0764  FF      		db	0ffh
0765  FF      		db	0ffh
0766  FF      		db	0ffh
0767  FF      		db	0ffh
0768  FF      		db	0ffh
0769  FF      		db	0ffh
076A  FF      		db	0ffh
076B  FF      		db	0ffh
076C  FF      		db	0ffh
076D  FF      		db	0ffh
076E  FF      		db	0ffh
076F  FF      		db	0ffh
0770  FF      		db	0ffh
0771  FF      		db	0ffh
0772  FF      		db	0ffh
0773  FF      		db	0ffh
0774  FF      		db	0ffh
0775  FF      		db	0ffh
0776  FF      		db	0ffh
0777  FF      		db	0ffh
0778  FF      		db	0ffh
0779  FF      		db	0ffh
077A  FF      		db	0ffh
077B  FF      		db	0ffh
077C  FF      		db	0ffh
077D  FF      		db	0ffh
077E  FF      		db	0ffh
077F  FF      		db	0ffh
0780  FF      		db	0ffh
0781  FF      		db	0ffh
0782  FF      		db	0ffh
0783  FF      		db	0ffh
0784  FF      		db	0ffh
0785  FF      		db	0ffh
0786  FF      		db	0ffh
0787  FF      		db	0ffh
0788  FF      		db	0ffh
0789  FF      		db	0ffh
078A  FF      		db	0ffh
078B  FF      		db	0ffh
078C  FF      		db	0ffh
078D  FF      		db	0ffh
078E  FF      		db	0ffh
078F  FF      		db	0ffh
0790  FF      		db	0ffh
0791  FF      		db	0ffh
0792  FF      		db	0ffh
0793  FF      		db	0ffh
0794  FF      		db	0ffh
0795  FF      		db	0ffh
0796  FF      		db	0ffh
0797  FF      		db	0ffh
0798  FF      		db	0ffh
0799  FF      		db	0ffh
079A  FF      		db	0ffh
079B  FF      		db	0ffh
079C  FF      		db	0ffh
079D  FF      		db	0ffh
079E  FF      		db	0ffh
079F  FF      		db	0ffh
07A0  FF      		db	0ffh
07A1  FF      		db	0ffh
07A2  FF      		db	0ffh
07A3  FF      		db	0ffh
07A4  FF      		db	0ffh
07A5  FF      		db	0ffh
07A6  FF      		db	0ffh
07A7  FF      		db	0ffh
07A8  FF      		db	0ffh
07A9  FF      		db	0ffh
07AA  FF      		db	0ffh
07AB  FF      		db	0ffh
07AC  FF      		db	0ffh
07AD  FF      		db	0ffh
07AE  FF      		db	0ffh
07AF  FF      		db	0ffh
07B0  FF      		db	0ffh
07B1  FF      		db	0ffh
07B2  FF      		db	0ffh
07B3  FF      		db	0ffh
07B4  FF      		db	0ffh
07B5  FF      		db	0ffh
07B6  FF      		db	0ffh
07B7  FF      		db	0ffh
07B8  FF      		db	0ffh
07B9  FF      		db	0ffh
07BA  FF      		db	0ffh
07BB  FF      		db	0ffh
07BC  FF      		db	0ffh
07BD  FF      		db	0ffh
07BE  FF      		db	0ffh
07BF  FF      		db	0ffh
07C0  FF      		db	0ffh
07C1  FF      		db	0ffh
07C2  FF      		db	0ffh
07C3  FF      		db	0ffh
07C4  FF      		db	0ffh
07C5  FF      		db	0ffh
07C6  FF      		db	0ffh
07C7  FF      		db	0ffh
07C8  FF      		db	0ffh
07C9  FF      		db	0ffh
07CA  FF      		db	0ffh
07CB  FF      		db	0ffh
07CC  FF      		db	0ffh
07CD  FF      		db	0ffh
07CE  FF      		db	0ffh
07CF  FF      		db	0ffh
07D0  FF      		db	0ffh
07D1  FF      		db	0ffh
07D2  FF      		db	0ffh
07D3  FF      		db	0ffh
07D4  FF      		db	0ffh
07D5  FF      		db	0ffh
07D6  FF      		db	0ffh
07D7  FF      		db	0ffh
07D8  FF      		db	0ffh
07D9  FF      		db	0ffh
07DA  FF      		db	0ffh
07DB  FF      		db	0ffh
07DC  FF      		db	0ffh
07DD  FF      		db	0ffh
07DE  FF      		db	0ffh
07DF  FF      		db	0ffh
07E0  FF      		db	0ffh
07E1  FF      		db	0ffh
07E2  FF      		db	0ffh
07E3  FF      		db	0ffh
07E4  FF      		db	0ffh
07E5  FF      		db	0ffh
07E6  FF      		db	0ffh
07E7  FF      		db	0ffh
07E8  FF      		db	0ffh
07E9  FF      		db	0ffh
07EA  FF      		db	0ffh
07EB  FF      		db	0ffh
07EC  FF      		db	0ffh
07ED  FF      		db	0ffh
07EE  FF      		db	0ffh
07EF  FF      		db	0ffh
07F0  FF      		db	0ffh
07F1  FF      		db	0ffh
07F2  FF      		db	0ffh
07F3  FF      		db	0ffh
07F4  FF      		db	0ffh
07F5  FF      		db	0ffh
07F6  FF      		db	0ffh
07F7  FF      		db	0ffh
07F8  FF      		db	0ffh
07F9  FF      		db	0ffh
07FA  FF      		db	0ffh
07FB  FF      		db	0ffh
07FC  FF      		db	0ffh
07FD  FF      		db	0ffh
07FE  FF      		db	0ffh
07FF  FF      		db	0ffh
		
0800          		end



Statistics:

     4	passes
     0	jr promotions
    33	symbols
  2048	bytes

  1924	macro calls
  3759	macro bytes
     0	invented symbols
