		; Emergency Kaypro Memory Test ROM image.
		; Bare-bones memory test image, no serial I/O and uses
		; no RAM (no stack). Uses drive A LED (*/84 and 10) or
		; video ram (*/83) for indicating progress and failure.
		
0012          	VERN	equ	012h	; ROM version
		
0000          	TEST	equ	0
		
0004          	sio1	equ	04h	; "serial data", "keyboard"
0000          	brd1	equ	00h
		
0000          	sioA	equ	00h	;
0000          	sioD	equ	00h	; data
0002          	sioC	equ	02h	; control
0004          	condat	equ	sio1+sioA+sioD
0006          	conctl	equ	sio1+sioA+sioC
0000          	conbrr	equ	brd1
000E          	B9600	equ	0eh
		
0800          	romsiz	equ	0800h	; minimum space for ROM
3000          	vidram	equ	3000h	; video RAM start in */83 models
8000          	ramsta	equ	8000h	; where to start testing RAM
		
			maclib	z80
**** z80.lib ****
**** memtest.asm ****
		
0000          	false	equ	0
FFFF          	true	equ	not false
		
		const	macro
			local	co0
		
		space	macro
		
		crlf	macro
		
		; A contains byte value - uses I register for temp
		hexout	macro
		
		; HL points to NUL-term message
		msgprt	macro
			local	sg0,sg1
		
			$*macro
		
000D          	CR	equ	13
000A          	LF	equ	10
0003          	CTLC	equ	3
0007          	BEL	equ	7
0009          	TAB	equ	9
0008          	BS	equ	8
001B          	ESC	equ	27
0000          	TRM	equ	0
007F          	DEL	equ	127
		
		; */84 (and 10) sysport drive select
0002          	DS0	equ	0010b
0001          	DS1	equ	0001b
0003          	DSNONE	equ	0011b	; also mask
0010          	MTRON	equ	10000b	; MOTOR control
		
0014          	sysp84	equ	14h	; sysport on */84 (and 10). */83 have nothing here.
		
		; Start of ROM code
0000          		org	00000h
0000  F3      		di	; redundant, really
		
			; init serial port
0001  3E0E    		mvi	a,B9600
0003  D300    		out	conbrr
0005  21DC01  		lxi	h,sioini
0008  0E06    		mvi	c,conctl
000A  0609    		mvi	b,siolen
000C          		outir
000C  EDB3    		DB	0EDH,0B3H
		
000E  21AF01  		lxi	h,signon
0011          		msgprt
0011  7E      	?a0001:	mov	a,m
0012  B7      		ora	a
0013  280C    		DB	28H,?b0001-$-1
0015  DB06    	?a0005:	in	conctl
0017  E604    		ani	00000100b
0019  28FA    		DB	28H,?a0005-$-1
001B  7E      		mov	a,m
001C  23      		inx	h
001D  D304    		out	condat
001F  18F0    		DB	18H,?a0001-$-1
		
0021  DB14    		in	sysp84
0023  E6FC    		ani	not DSNONE
0025  E6EF    		ani	not MTRON
0027  F602    		ori	DS0	; drive A LED on
0029  D314    		out	sysp84
002B  3E30    		mvi	a,'0'
002D  320030  		sta	vidram
0030  57      		mov	d,a	; pass indicator
0031  AF      		xra	a	; 00 - initial test seed
			; test memory... 8000-FFFF
		; A=seed for this pass
0032  210080  	mt0:	lxi	h,ramsta
0035  4F      		mov	c,a
0036          		const
0036  DB06    	?a0012:	in	conctl
0038  E604    		ani	00000100b
003A  28FA    		DB	28H,?a0012-$-1
003C  3E0D    		mvi	a,CR
003E  D304    		out	condat
0040  79      		mov	a,c
0041          		hexout
0041  ED47    		DB	0EDH,47H
0043  DB06    	?a0018:	in	conctl
0045  E604    		ani	00000100b
0047  28FA    		DB	28H,?a0018-$-1
0049  ED57    		DB	0EDH,57H
004B  07      		rlc
004C  07      		rlc
004D  07      		rlc
004E  07      		rlc
004F  E60F    		ani	0fh
0051  C690    		adi	90h
0053  27      		daa
0054  CE40    		aci	40h
0056  27      		daa
0057  D304    		out	condat
0059  DB06    	?a0023:	in	conctl
005B  E604    		ani	00000100b
005D  28FA    		DB	28H,?a0023-$-1
005F  ED57    		DB	0EDH,57H
0061  E60F    		ani	0fh
0063  C690    		adi	90h
0065  27      		daa
0066  CE40    		aci	40h
0068  27      		daa
0069  D304    		out	condat
006B  79      		mov	a,c	; restore current seed
006C  77      	mt1:	mov	m,a
006D  C601    		adi	1
006F  27      		daa
0070  23      		inx	h
0071  47      		mov	b,a
0072  7C      		mov	a,h
0073  B5      		ora	l
0074  78      		mov	a,b
0075          		jrnz	mt1
0075  20F5    		DB	20H,mt1-$-1
0077  210080  		lxi	h,ramsta
007A  79      		mov	a,c
007B  BE      	mt2:	cmp	m
007C          		jrnz	error
007C  2023    		DB	20H,error-$-1
007E  C601    		adi	1
0080  27      		daa
0081  23      		inx	h
0082  47      		mov	b,a
0083  7C      		mov	a,h
0084  B5      		ora	l
0085  78      		mov	a,b
0086          		jrnz	mt2
0086  20F3    		DB	20H,mt2-$-1
			; end of pass - no errors
0088  DB14    		in	sysp84
008A  EE03    		xri	DSNONE
008C  D314    		out	sysp84	; switch to other drive LED on
008E  7A      		mov	a,d
008F  C601    		adi	1
0091  FE3A    		cpi	'9'+1
0093          		jrc	pp0
0093  3802    		DB	38H,pp0-$-1
0000          	 if TEST
		 endif
0095  3E30    		mvi	a,'0'
0097  320030  	pp0:	sta	vidram
009A  57      		mov	d,a
009B  79      		mov	a,c
009C  C601    		adi	1
009E  27      		daa
009F          		jr	mt0
009F  1891    		DB	18H,mt0-$-1
		
		; HL=error addr, C=seed
00A1  5E      	error:	mov	e,m	; error value
00A2  57      		mov	d,a	; expected value
00A3          		crlf
00A3  DB06    	?a0044:	in	conctl
00A5  E604    		ani	00000100b
00A7  28FA    		DB	28H,?a0044-$-1
00A9  3E0D    		mvi	a,CR
00AB  D304    		out	condat
00AD  DB06    	?a0048:	in	conctl
00AF  E604    		ani	00000100b
00B1  28FA    		DB	28H,?a0048-$-1
00B3  3E0A    		mvi	a,LF
00B5  D304    		out	condat
00B7  7C      		mov	a,h
00B8          		hexout
00B8  ED47    		DB	0EDH,47H
00BA  DB06    	?a0054:	in	conctl
00BC  E604    		ani	00000100b
00BE  28FA    		DB	28H,?a0054-$-1
00C0  ED57    		DB	0EDH,57H
00C2  07      		rlc
00C3  07      		rlc
00C4  07      		rlc
00C5  07      		rlc
00C6  E60F    		ani	0fh
00C8  C690    		adi	90h
00CA  27      		daa
00CB  CE40    		aci	40h
00CD  27      		daa
00CE  D304    		out	condat
00D0  DB06    	?a0059:	in	conctl
00D2  E604    		ani	00000100b
00D4  28FA    		DB	28H,?a0059-$-1
00D6  ED57    		DB	0EDH,57H
00D8  E60F    		ani	0fh
00DA  C690    		adi	90h
00DC  27      		daa
00DD  CE40    		aci	40h
00DF  27      		daa
00E0  D304    		out	condat
00E2  7D      		mov	a,l
00E3          		hexout
00E3  ED47    		DB	0EDH,47H
00E5  DB06    	?a0066:	in	conctl
00E7  E604    		ani	00000100b
00E9  28FA    		DB	28H,?a0066-$-1
00EB  ED57    		DB	0EDH,57H
00ED  07      		rlc
00EE  07      		rlc
00EF  07      		rlc
00F0  07      		rlc
00F1  E60F    		ani	0fh
00F3  C690    		adi	90h
00F5  27      		daa
00F6  CE40    		aci	40h
00F8  27      		daa
00F9  D304    		out	condat
00FB  DB06    	?a0071:	in	conctl
00FD  E604    		ani	00000100b
00FF  28FA    		DB	28H,?a0071-$-1
0101  ED57    		DB	0EDH,57H
0103  E60F    		ani	0fh
0105  C690    		adi	90h
0107  27      		daa
0108  CE40    		aci	40h
010A  27      		daa
010B  D304    		out	condat
010D          		space
010D  DB06    	?a0077:	in	conctl
010F  E604    		ani	00000100b
0111  28FA    		DB	28H,?a0077-$-1
0113  3E20    		mvi	a,' '
0115  D304    		out	condat
0117  7A      		mov	a,d
0118          		hexout
0118  ED47    		DB	0EDH,47H
011A  DB06    	?a0083:	in	conctl
011C  E604    		ani	00000100b
011E  28FA    		DB	28H,?a0083-$-1
0120  ED57    		DB	0EDH,57H
0122  07      		rlc
0123  07      		rlc
0124  07      		rlc
0125  07      		rlc
0126  E60F    		ani	0fh
0128  C690    		adi	90h
012A  27      		daa
012B  CE40    		aci	40h
012D  27      		daa
012E  D304    		out	condat
0130  DB06    	?a0088:	in	conctl
0132  E604    		ani	00000100b
0134  28FA    		DB	28H,?a0088-$-1
0136  ED57    		DB	0EDH,57H
0138  E60F    		ani	0fh
013A  C690    		adi	90h
013C  27      		daa
013D  CE40    		aci	40h
013F  27      		daa
0140  D304    		out	condat
0142          		space
0142  DB06    	?a0094:	in	conctl
0144  E604    		ani	00000100b
0146  28FA    		DB	28H,?a0094-$-1
0148  3E20    		mvi	a,' '
014A  D304    		out	condat
014C  7B      		mov	a,e
014D          		hexout
014D  ED47    		DB	0EDH,47H
014F  DB06    	?a0100:	in	conctl
0151  E604    		ani	00000100b
0153  28FA    		DB	28H,?a0100-$-1
0155  ED57    		DB	0EDH,57H
0157  07      		rlc
0158  07      		rlc
0159  07      		rlc
015A  07      		rlc
015B  E60F    		ani	0fh
015D  C690    		adi	90h
015F  27      		daa
0160  CE40    		aci	40h
0162  27      		daa
0163  D304    		out	condat
0165  DB06    	?a0105:	in	conctl
0167  E604    		ani	00000100b
0169  28FA    		DB	28H,?a0105-$-1
016B  ED57    		DB	0EDH,57H
016D  E60F    		ani	0fh
016F  C690    		adi	90h
0171  27      		daa
0172  CE40    		aci	40h
0174  27      		daa
0175  D304    		out	condat
0177  21D301  		lxi	h,errm
017A          		msgprt
017A  7E      	?a0110:	mov	a,m
017B  B7      		ora	a
017C  280C    		DB	28H,?b0110-$-1
017E  DB06    	?a0114:	in	conctl
0180  E604    		ani	00000100b
0182  28FA    		DB	28H,?a0114-$-1
0184  7E      		mov	a,m
0185  23      		inx	h
0186  D304    		out	condat
0188  18F0    		DB	18H,?a0110-$-1
		
018A  3E45    		mvi	a,'E'
018C  320030  		sta	vidram
018F  DB14    		in	sysp84
0191  E6FC    		ani	not DSNONE
0193  F602    		ori	DS0	; drive A LED on
0195  D314    		out	sysp84
0197  2150C3  	er0:	lxi	h,50000
019A  2B      	er1:	dcx	h	;  6
019B  7C      		mov	a,h	;  4
019C  B5      		ora	l	;  4
019D          		jrnz	er1	; 12 = 26 (6.5uS) 325mS
019D  20FB    		DB	20H,er1-$-1
019F  DB14    		in	sysp84
01A1  EE01    		xri	1
01A3  D314    		out	sysp84	; flash drive A LED
01A5  3A0030  		lda	vidram
01A8  EE17    		xri	17h	; 'E' / 'R'
01AA  320030  		sta	vidram
01AD          		jr	er0
01AD  18E8    		DB	18H,er0-$-1
		
01AF  4B617970	signon:	db	'Kaypro Emergency Memory Test v'
      726F2045
      6D657267
      656E6379
      204D656D
      6F727920
      54657374
      2076
01CD  312E32  		db	(VERN SHR 4)+'0','.',(VERN AND 0fh)+'0'
0000          	 if TEST
		 endif
01D0  0D0A00  		db	CR,LF,TRM
		
01D3  20457272	errm:	db	' Error',CR,LF,TRM
      6F720D0A
      00
		
01DC  18      	sioini:	db	18h	; reset
01DD  0444    		db	4,044h	; 16x, 1s, Np
01DF  03C1    		db	3,0c1h	; 8b, RxEn
01E1  05EA    		db	5,0eah	; DTR, 8b, TxEn, RTS
01E3  0100    		db	1,000h	;
0009          	siolen	equ	$-sioini
		
			rept	romsiz-$
01E5  FF      		db	0ffh
01E6  FF      		db	0ffh
01E7  FF      		db	0ffh
01E8  FF      		db	0ffh
01E9  FF      		db	0ffh
01EA  FF      		db	0ffh
01EB  FF      		db	0ffh
01EC  FF      		db	0ffh
01ED  FF      		db	0ffh
01EE  FF      		db	0ffh
01EF  FF      		db	0ffh
01F0  FF      		db	0ffh
01F1  FF      		db	0ffh
01F2  FF      		db	0ffh
01F3  FF      		db	0ffh
01F4  FF      		db	0ffh
01F5  FF      		db	0ffh
01F6  FF      		db	0ffh
01F7  FF      		db	0ffh
01F8  FF      		db	0ffh
01F9  FF      		db	0ffh
01FA  FF      		db	0ffh
01FB  FF      		db	0ffh
01FC  FF      		db	0ffh
01FD  FF      		db	0ffh
01FE  FF      		db	0ffh
01FF  FF      		db	0ffh
0200  FF      		db	0ffh
0201  FF      		db	0ffh
0202  FF      		db	0ffh
0203  FF      		db	0ffh
0204  FF      		db	0ffh
0205  FF      		db	0ffh
0206  FF      		db	0ffh
0207  FF      		db	0ffh
0208  FF      		db	0ffh
0209  FF      		db	0ffh
020A  FF      		db	0ffh
020B  FF      		db	0ffh
020C  FF      		db	0ffh
020D  FF      		db	0ffh
020E  FF      		db	0ffh
020F  FF      		db	0ffh
0210  FF      		db	0ffh
0211  FF      		db	0ffh
0212  FF      		db	0ffh
0213  FF      		db	0ffh
0214  FF      		db	0ffh
0215  FF      		db	0ffh
0216  FF      		db	0ffh
0217  FF      		db	0ffh
0218  FF      		db	0ffh
0219  FF      		db	0ffh
021A  FF      		db	0ffh
021B  FF      		db	0ffh
021C  FF      		db	0ffh
021D  FF      		db	0ffh
021E  FF      		db	0ffh
021F  FF      		db	0ffh
0220  FF      		db	0ffh
0221  FF      		db	0ffh
0222  FF      		db	0ffh
0223  FF      		db	0ffh
0224  FF      		db	0ffh
0225  FF      		db	0ffh
0226  FF      		db	0ffh
0227  FF      		db	0ffh
0228  FF      		db	0ffh
0229  FF      		db	0ffh
022A  FF      		db	0ffh
022B  FF      		db	0ffh
022C  FF      		db	0ffh
022D  FF      		db	0ffh
022E  FF      		db	0ffh
022F  FF      		db	0ffh
0230  FF      		db	0ffh
0231  FF      		db	0ffh
0232  FF      		db	0ffh
0233  FF      		db	0ffh
0234  FF      		db	0ffh
0235  FF      		db	0ffh
0236  FF      		db	0ffh
0237  FF      		db	0ffh
0238  FF      		db	0ffh
0239  FF      		db	0ffh
023A  FF      		db	0ffh
023B  FF      		db	0ffh
023C  FF      		db	0ffh
023D  FF      		db	0ffh
023E  FF      		db	0ffh
023F  FF      		db	0ffh
0240  FF      		db	0ffh
0241  FF      		db	0ffh
0242  FF      		db	0ffh
0243  FF      		db	0ffh
0244  FF      		db	0ffh
0245  FF      		db	0ffh
0246  FF      		db	0ffh
0247  FF      		db	0ffh
0248  FF      		db	0ffh
0249  FF      		db	0ffh
024A  FF      		db	0ffh
024B  FF      		db	0ffh
024C  FF      		db	0ffh
024D  FF      		db	0ffh
024E  FF      		db	0ffh
024F  FF      		db	0ffh
0250  FF      		db	0ffh
0251  FF      		db	0ffh
0252  FF      		db	0ffh
0253  FF      		db	0ffh
0254  FF      		db	0ffh
0255  FF      		db	0ffh
0256  FF      		db	0ffh
0257  FF      		db	0ffh
0258  FF      		db	0ffh
0259  FF      		db	0ffh
025A  FF      		db	0ffh
025B  FF      		db	0ffh
025C  FF      		db	0ffh
025D  FF      		db	0ffh
025E  FF      		db	0ffh
025F  FF      		db	0ffh
0260  FF      		db	0ffh
0261  FF      		db	0ffh
0262  FF      		db	0ffh
0263  FF      		db	0ffh
0264  FF      		db	0ffh
0265  FF      		db	0ffh
0266  FF      		db	0ffh
0267  FF      		db	0ffh
0268  FF      		db	0ffh
0269  FF      		db	0ffh
026A  FF      		db	0ffh
026B  FF      		db	0ffh
026C  FF      		db	0ffh
026D  FF      		db	0ffh
026E  FF      		db	0ffh
026F  FF      		db	0ffh
0270  FF      		db	0ffh
0271  FF      		db	0ffh
0272  FF      		db	0ffh
0273  FF      		db	0ffh
0274  FF      		db	0ffh
0275  FF      		db	0ffh
0276  FF      		db	0ffh
0277  FF      		db	0ffh
0278  FF      		db	0ffh
0279  FF      		db	0ffh
027A  FF      		db	0ffh
027B  FF      		db	0ffh
027C  FF      		db	0ffh
027D  FF      		db	0ffh
027E  FF      		db	0ffh
027F  FF      		db	0ffh
0280  FF      		db	0ffh
0281  FF      		db	0ffh
0282  FF      		db	0ffh
0283  FF      		db	0ffh
0284  FF      		db	0ffh
0285  FF      		db	0ffh
0286  FF      		db	0ffh
0287  FF      		db	0ffh
0288  FF      		db	0ffh
0289  FF      		db	0ffh
028A  FF      		db	0ffh
028B  FF      		db	0ffh
028C  FF      		db	0ffh
028D  FF      		db	0ffh
028E  FF      		db	0ffh
028F  FF      		db	0ffh
0290  FF      		db	0ffh
0291  FF      		db	0ffh
0292  FF      		db	0ffh
0293  FF      		db	0ffh
0294  FF      		db	0ffh
0295  FF      		db	0ffh
0296  FF      		db	0ffh
0297  FF      		db	0ffh
0298  FF      		db	0ffh
0299  FF      		db	0ffh
029A  FF      		db	0ffh
029B  FF      		db	0ffh
029C  FF      		db	0ffh
029D  FF      		db	0ffh
029E  FF      		db	0ffh
029F  FF      		db	0ffh
02A0  FF      		db	0ffh
02A1  FF      		db	0ffh
02A2  FF      		db	0ffh
02A3  FF      		db	0ffh
02A4  FF      		db	0ffh
02A5  FF      		db	0ffh
02A6  FF      		db	0ffh
02A7  FF      		db	0ffh
02A8  FF      		db	0ffh
02A9  FF      		db	0ffh
02AA  FF      		db	0ffh
02AB  FF      		db	0ffh
02AC  FF      		db	0ffh
02AD  FF      		db	0ffh
02AE  FF      		db	0ffh
02AF  FF      		db	0ffh
02B0  FF      		db	0ffh
02B1  FF      		db	0ffh
02B2  FF      		db	0ffh
02B3  FF      		db	0ffh
02B4  FF      		db	0ffh
02B5  FF      		db	0ffh
02B6  FF      		db	0ffh
02B7  FF      		db	0ffh
02B8  FF      		db	0ffh
02B9  FF      		db	0ffh
02BA  FF      		db	0ffh
02BB  FF      		db	0ffh
02BC  FF      		db	0ffh
02BD  FF      		db	0ffh
02BE  FF      		db	0ffh
02BF  FF      		db	0ffh
02C0  FF      		db	0ffh
02C1  FF      		db	0ffh
02C2  FF      		db	0ffh
02C3  FF      		db	0ffh
02C4  FF      		db	0ffh
02C5  FF      		db	0ffh
02C6  FF      		db	0ffh
02C7  FF      		db	0ffh
02C8  FF      		db	0ffh
02C9  FF      		db	0ffh
02CA  FF      		db	0ffh
02CB  FF      		db	0ffh
02CC  FF      		db	0ffh
02CD  FF      		db	0ffh
02CE  FF      		db	0ffh
02CF  FF      		db	0ffh
02D0  FF      		db	0ffh
02D1  FF      		db	0ffh
02D2  FF      		db	0ffh
02D3  FF      		db	0ffh
02D4  FF      		db	0ffh
02D5  FF      		db	0ffh
02D6  FF      		db	0ffh
02D7  FF      		db	0ffh
02D8  FF      		db	0ffh
02D9  FF      		db	0ffh
02DA  FF      		db	0ffh
02DB  FF      		db	0ffh
02DC  FF      		db	0ffh
02DD  FF      		db	0ffh
02DE  FF      		db	0ffh
02DF  FF      		db	0ffh
02E0  FF      		db	0ffh
02E1  FF      		db	0ffh
02E2  FF      		db	0ffh
02E3  FF      		db	0ffh
02E4  FF      		db	0ffh
02E5  FF      		db	0ffh
02E6  FF      		db	0ffh
02E7  FF      		db	0ffh
02E8  FF      		db	0ffh
02E9  FF      		db	0ffh
02EA  FF      		db	0ffh
02EB  FF      		db	0ffh
02EC  FF      		db	0ffh
02ED  FF      		db	0ffh
02EE  FF      		db	0ffh
02EF  FF      		db	0ffh
02F0  FF      		db	0ffh
02F1  FF      		db	0ffh
02F2  FF      		db	0ffh
02F3  FF      		db	0ffh
02F4  FF      		db	0ffh
02F5  FF      		db	0ffh
02F6  FF      		db	0ffh
02F7  FF      		db	0ffh
02F8  FF      		db	0ffh
02F9  FF      		db	0ffh
02FA  FF      		db	0ffh
02FB  FF      		db	0ffh
02FC  FF      		db	0ffh
02FD  FF      		db	0ffh
02FE  FF      		db	0ffh
02FF  FF      		db	0ffh
0300  FF      		db	0ffh
0301  FF      		db	0ffh
0302  FF      		db	0ffh
0303  FF      		db	0ffh
0304  FF      		db	0ffh
0305  FF      		db	0ffh
0306  FF      		db	0ffh
0307  FF      		db	0ffh
0308  FF      		db	0ffh
0309  FF      		db	0ffh
030A  FF      		db	0ffh
030B  FF      		db	0ffh
030C  FF      		db	0ffh
030D  FF      		db	0ffh
030E  FF      		db	0ffh
030F  FF      		db	0ffh
0310  FF      		db	0ffh
0311  FF      		db	0ffh
0312  FF      		db	0ffh
0313  FF      		db	0ffh
0314  FF      		db	0ffh
0315  FF      		db	0ffh
0316  FF      		db	0ffh
0317  FF      		db	0ffh
0318  FF      		db	0ffh
0319  FF      		db	0ffh
031A  FF      		db	0ffh
031B  FF      		db	0ffh
031C  FF      		db	0ffh
031D  FF      		db	0ffh
031E  FF      		db	0ffh
031F  FF      		db	0ffh
0320  FF      		db	0ffh
0321  FF      		db	0ffh
0322  FF      		db	0ffh
0323  FF      		db	0ffh
0324  FF      		db	0ffh
0325  FF      		db	0ffh
0326  FF      		db	0ffh
0327  FF      		db	0ffh
0328  FF      		db	0ffh
0329  FF      		db	0ffh
032A  FF      		db	0ffh
032B  FF      		db	0ffh
032C  FF      		db	0ffh
032D  FF      		db	0ffh
032E  FF      		db	0ffh
032F  FF      		db	0ffh
0330  FF      		db	0ffh
0331  FF      		db	0ffh
0332  FF      		db	0ffh
0333  FF      		db	0ffh
0334  FF      		db	0ffh
0335  FF      		db	0ffh
0336  FF      		db	0ffh
0337  FF      		db	0ffh
0338  FF      		db	0ffh
0339  FF      		db	0ffh
033A  FF      		db	0ffh
033B  FF      		db	0ffh
033C  FF      		db	0ffh
033D  FF      		db	0ffh
033E  FF      		db	0ffh
033F  FF      		db	0ffh
0340  FF      		db	0ffh
0341  FF      		db	0ffh
0342  FF      		db	0ffh
0343  FF      		db	0ffh
0344  FF      		db	0ffh
0345  FF      		db	0ffh
0346  FF      		db	0ffh
0347  FF      		db	0ffh
0348  FF      		db	0ffh
0349  FF      		db	0ffh
034A  FF      		db	0ffh
034B  FF      		db	0ffh
034C  FF      		db	0ffh
034D  FF      		db	0ffh
034E  FF      		db	0ffh
034F  FF      		db	0ffh
0350  FF      		db	0ffh
0351  FF      		db	0ffh
0352  FF      		db	0ffh
0353  FF      		db	0ffh
0354  FF      		db	0ffh
0355  FF      		db	0ffh
0356  FF      		db	0ffh
0357  FF      		db	0ffh
0358  FF      		db	0ffh
0359  FF      		db	0ffh
035A  FF      		db	0ffh
035B  FF      		db	0ffh
035C  FF      		db	0ffh
035D  FF      		db	0ffh
035E  FF      		db	0ffh
035F  FF      		db	0ffh
0360  FF      		db	0ffh
0361  FF      		db	0ffh
0362  FF      		db	0ffh
0363  FF      		db	0ffh
0364  FF      		db	0ffh
0365  FF      		db	0ffh
0366  FF      		db	0ffh
0367  FF      		db	0ffh
0368  FF      		db	0ffh
0369  FF      		db	0ffh
036A  FF      		db	0ffh
036B  FF      		db	0ffh
036C  FF      		db	0ffh
036D  FF      		db	0ffh
036E  FF      		db	0ffh
036F  FF      		db	0ffh
0370  FF      		db	0ffh
0371  FF      		db	0ffh
0372  FF      		db	0ffh
0373  FF      		db	0ffh
0374  FF      		db	0ffh
0375  FF      		db	0ffh
0376  FF      		db	0ffh
0377  FF      		db	0ffh
0378  FF      		db	0ffh
0379  FF      		db	0ffh
037A  FF      		db	0ffh
037B  FF      		db	0ffh
037C  FF      		db	0ffh
037D  FF      		db	0ffh
037E  FF      		db	0ffh
037F  FF      		db	0ffh
0380  FF      		db	0ffh
0381  FF      		db	0ffh
0382  FF      		db	0ffh
0383  FF      		db	0ffh
0384  FF      		db	0ffh
0385  FF      		db	0ffh
0386  FF      		db	0ffh
0387  FF      		db	0ffh
0388  FF      		db	0ffh
0389  FF      		db	0ffh
038A  FF      		db	0ffh
038B  FF      		db	0ffh
038C  FF      		db	0ffh
038D  FF      		db	0ffh
038E  FF      		db	0ffh
038F  FF      		db	0ffh
0390  FF      		db	0ffh
0391  FF      		db	0ffh
0392  FF      		db	0ffh
0393  FF      		db	0ffh
0394  FF      		db	0ffh
0395  FF      		db	0ffh
0396  FF      		db	0ffh
0397  FF      		db	0ffh
0398  FF      		db	0ffh
0399  FF      		db	0ffh
039A  FF      		db	0ffh
039B  FF      		db	0ffh
039C  FF      		db	0ffh
039D  FF      		db	0ffh
039E  FF      		db	0ffh
039F  FF      		db	0ffh
03A0  FF      		db	0ffh
03A1  FF      		db	0ffh
03A2  FF      		db	0ffh
03A3  FF      		db	0ffh
03A4  FF      		db	0ffh
03A5  FF      		db	0ffh
03A6  FF      		db	0ffh
03A7  FF      		db	0ffh
03A8  FF      		db	0ffh
03A9  FF      		db	0ffh
03AA  FF      		db	0ffh
03AB  FF      		db	0ffh
03AC  FF      		db	0ffh
03AD  FF      		db	0ffh
03AE  FF      		db	0ffh
03AF  FF      		db	0ffh
03B0  FF      		db	0ffh
03B1  FF      		db	0ffh
03B2  FF      		db	0ffh
03B3  FF      		db	0ffh
03B4  FF      		db	0ffh
03B5  FF      		db	0ffh
03B6  FF      		db	0ffh
03B7  FF      		db	0ffh
03B8  FF      		db	0ffh
03B9  FF      		db	0ffh
03BA  FF      		db	0ffh
03BB  FF      		db	0ffh
03BC  FF      		db	0ffh
03BD  FF      		db	0ffh
03BE  FF      		db	0ffh
03BF  FF      		db	0ffh
03C0  FF      		db	0ffh
03C1  FF      		db	0ffh
03C2  FF      		db	0ffh
03C3  FF      		db	0ffh
03C4  FF      		db	0ffh
03C5  FF      		db	0ffh
03C6  FF      		db	0ffh
03C7  FF      		db	0ffh
03C8  FF      		db	0ffh
03C9  FF      		db	0ffh
03CA  FF      		db	0ffh
03CB  FF      		db	0ffh
03CC  FF      		db	0ffh
03CD  FF      		db	0ffh
03CE  FF      		db	0ffh
03CF  FF      		db	0ffh
03D0  FF      		db	0ffh
03D1  FF      		db	0ffh
03D2  FF      		db	0ffh
03D3  FF      		db	0ffh
03D4  FF      		db	0ffh
03D5  FF      		db	0ffh
03D6  FF      		db	0ffh
03D7  FF      		db	0ffh
03D8  FF      		db	0ffh
03D9  FF      		db	0ffh
03DA  FF      		db	0ffh
03DB  FF      		db	0ffh
03DC  FF      		db	0ffh
03DD  FF      		db	0ffh
03DE  FF      		db	0ffh
03DF  FF      		db	0ffh
03E0  FF      		db	0ffh
03E1  FF      		db	0ffh
03E2  FF      		db	0ffh
03E3  FF      		db	0ffh
03E4  FF      		db	0ffh
03E5  FF      		db	0ffh
03E6  FF      		db	0ffh
03E7  FF      		db	0ffh
03E8  FF      		db	0ffh
03E9  FF      		db	0ffh
03EA  FF      		db	0ffh
03EB  FF      		db	0ffh
03EC  FF      		db	0ffh
03ED  FF      		db	0ffh
03EE  FF      		db	0ffh
03EF  FF      		db	0ffh
03F0  FF      		db	0ffh
03F1  FF      		db	0ffh
03F2  FF      		db	0ffh
03F3  FF      		db	0ffh
03F4  FF      		db	0ffh
03F5  FF      		db	0ffh
03F6  FF      		db	0ffh
03F7  FF      		db	0ffh
03F8  FF      		db	0ffh
03F9  FF      		db	0ffh
03FA  FF      		db	0ffh
03FB  FF      		db	0ffh
03FC  FF      		db	0ffh
03FD  FF      		db	0ffh
03FE  FF      		db	0ffh
03FF  FF      		db	0ffh
0400  FF      		db	0ffh
0401  FF      		db	0ffh
0402  FF      		db	0ffh
0403  FF      		db	0ffh
0404  FF      		db	0ffh
0405  FF      		db	0ffh
0406  FF      		db	0ffh
0407  FF      		db	0ffh
0408  FF      		db	0ffh
0409  FF      		db	0ffh
040A  FF      		db	0ffh
040B  FF      		db	0ffh
040C  FF      		db	0ffh
040D  FF      		db	0ffh
040E  FF      		db	0ffh
040F  FF      		db	0ffh
0410  FF      		db	0ffh
0411  FF      		db	0ffh
0412  FF      		db	0ffh
0413  FF      		db	0ffh
0414  FF      		db	0ffh
0415  FF      		db	0ffh
0416  FF      		db	0ffh
0417  FF      		db	0ffh
0418  FF      		db	0ffh
0419  FF      		db	0ffh
041A  FF      		db	0ffh
041B  FF      		db	0ffh
041C  FF      		db	0ffh
041D  FF      		db	0ffh
041E  FF      		db	0ffh
041F  FF      		db	0ffh
0420  FF      		db	0ffh
0421  FF      		db	0ffh
0422  FF      		db	0ffh
0423  FF      		db	0ffh
0424  FF      		db	0ffh
0425  FF      		db	0ffh
0426  FF      		db	0ffh
0427  FF      		db	0ffh
0428  FF      		db	0ffh
0429  FF      		db	0ffh
042A  FF      		db	0ffh
042B  FF      		db	0ffh
042C  FF      		db	0ffh
042D  FF      		db	0ffh
042E  FF      		db	0ffh
042F  FF      		db	0ffh
0430  FF      		db	0ffh
0431  FF      		db	0ffh
0432  FF      		db	0ffh
0433  FF      		db	0ffh
0434  FF      		db	0ffh
0435  FF      		db	0ffh
0436  FF      		db	0ffh
0437  FF      		db	0ffh
0438  FF      		db	0ffh
0439  FF      		db	0ffh
043A  FF      		db	0ffh
043B  FF      		db	0ffh
043C  FF      		db	0ffh
043D  FF      		db	0ffh
043E  FF      		db	0ffh
043F  FF      		db	0ffh
0440  FF      		db	0ffh
0441  FF      		db	0ffh
0442  FF      		db	0ffh
0443  FF      		db	0ffh
0444  FF      		db	0ffh
0445  FF      		db	0ffh
0446  FF      		db	0ffh
0447  FF      		db	0ffh
0448  FF      		db	0ffh
0449  FF      		db	0ffh
044A  FF      		db	0ffh
044B  FF      		db	0ffh
044C  FF      		db	0ffh
044D  FF      		db	0ffh
044E  FF      		db	0ffh
044F  FF      		db	0ffh
0450  FF      		db	0ffh
0451  FF      		db	0ffh
0452  FF      		db	0ffh
0453  FF      		db	0ffh
0454  FF      		db	0ffh
0455  FF      		db	0ffh
0456  FF      		db	0ffh
0457  FF      		db	0ffh
0458  FF      		db	0ffh
0459  FF      		db	0ffh
045A  FF      		db	0ffh
045B  FF      		db	0ffh
045C  FF      		db	0ffh
045D  FF      		db	0ffh
045E  FF      		db	0ffh
045F  FF      		db	0ffh
0460  FF      		db	0ffh
0461  FF      		db	0ffh
0462  FF      		db	0ffh
0463  FF      		db	0ffh
0464  FF      		db	0ffh
0465  FF      		db	0ffh
0466  FF      		db	0ffh
0467  FF      		db	0ffh
0468  FF      		db	0ffh
0469  FF      		db	0ffh
046A  FF      		db	0ffh
046B  FF      		db	0ffh
046C  FF      		db	0ffh
046D  FF      		db	0ffh
046E  FF      		db	0ffh
046F  FF      		db	0ffh
0470  FF      		db	0ffh
0471  FF      		db	0ffh
0472  FF      		db	0ffh
0473  FF      		db	0ffh
0474  FF      		db	0ffh
0475  FF      		db	0ffh
0476  FF      		db	0ffh
0477  FF      		db	0ffh
0478  FF      		db	0ffh
0479  FF      		db	0ffh
047A  FF      		db	0ffh
047B  FF      		db	0ffh
047C  FF      		db	0ffh
047D  FF      		db	0ffh
047E  FF      		db	0ffh
047F  FF      		db	0ffh
0480  FF      		db	0ffh
0481  FF      		db	0ffh
0482  FF      		db	0ffh
0483  FF      		db	0ffh
0484  FF      		db	0ffh
0485  FF      		db	0ffh
0486  FF      		db	0ffh
0487  FF      		db	0ffh
0488  FF      		db	0ffh
0489  FF      		db	0ffh
048A  FF      		db	0ffh
048B  FF      		db	0ffh
048C  FF      		db	0ffh
048D  FF      		db	0ffh
048E  FF      		db	0ffh
048F  FF      		db	0ffh
0490  FF      		db	0ffh
0491  FF      		db	0ffh
0492  FF      		db	0ffh
0493  FF      		db	0ffh
0494  FF      		db	0ffh
0495  FF      		db	0ffh
0496  FF      		db	0ffh
0497  FF      		db	0ffh
0498  FF      		db	0ffh
0499  FF      		db	0ffh
049A  FF      		db	0ffh
049B  FF      		db	0ffh
049C  FF      		db	0ffh
049D  FF      		db	0ffh
049E  FF      		db	0ffh
049F  FF      		db	0ffh
04A0  FF      		db	0ffh
04A1  FF      		db	0ffh
04A2  FF      		db	0ffh
04A3  FF      		db	0ffh
04A4  FF      		db	0ffh
04A5  FF      		db	0ffh
04A6  FF      		db	0ffh
04A7  FF      		db	0ffh
04A8  FF      		db	0ffh
04A9  FF      		db	0ffh
04AA  FF      		db	0ffh
04AB  FF      		db	0ffh
04AC  FF      		db	0ffh
04AD  FF      		db	0ffh
04AE  FF      		db	0ffh
04AF  FF      		db	0ffh
04B0  FF      		db	0ffh
04B1  FF      		db	0ffh
04B2  FF      		db	0ffh
04B3  FF      		db	0ffh
04B4  FF      		db	0ffh
04B5  FF      		db	0ffh
04B6  FF      		db	0ffh
04B7  FF      		db	0ffh
04B8  FF      		db	0ffh
04B9  FF      		db	0ffh
04BA  FF      		db	0ffh
04BB  FF      		db	0ffh
04BC  FF      		db	0ffh
04BD  FF      		db	0ffh
04BE  FF      		db	0ffh
04BF  FF      		db	0ffh
04C0  FF      		db	0ffh
04C1  FF      		db	0ffh
04C2  FF      		db	0ffh
04C3  FF      		db	0ffh
04C4  FF      		db	0ffh
04C5  FF      		db	0ffh
04C6  FF      		db	0ffh
04C7  FF      		db	0ffh
04C8  FF      		db	0ffh
04C9  FF      		db	0ffh
04CA  FF      		db	0ffh
04CB  FF      		db	0ffh
04CC  FF      		db	0ffh
04CD  FF      		db	0ffh
04CE  FF      		db	0ffh
04CF  FF      		db	0ffh
04D0  FF      		db	0ffh
04D1  FF      		db	0ffh
04D2  FF      		db	0ffh
04D3  FF      		db	0ffh
04D4  FF      		db	0ffh
04D5  FF      		db	0ffh
04D6  FF      		db	0ffh
04D7  FF      		db	0ffh
04D8  FF      		db	0ffh
04D9  FF      		db	0ffh
04DA  FF      		db	0ffh
04DB  FF      		db	0ffh
04DC  FF      		db	0ffh
04DD  FF      		db	0ffh
04DE  FF      		db	0ffh
04DF  FF      		db	0ffh
04E0  FF      		db	0ffh
04E1  FF      		db	0ffh
04E2  FF      		db	0ffh
04E3  FF      		db	0ffh
04E4  FF      		db	0ffh
04E5  FF      		db	0ffh
04E6  FF      		db	0ffh
04E7  FF      		db	0ffh
04E8  FF      		db	0ffh
04E9  FF      		db	0ffh
04EA  FF      		db	0ffh
04EB  FF      		db	0ffh
04EC  FF      		db	0ffh
04ED  FF      		db	0ffh
04EE  FF      		db	0ffh
04EF  FF      		db	0ffh
04F0  FF      		db	0ffh
04F1  FF      		db	0ffh
04F2  FF      		db	0ffh
04F3  FF      		db	0ffh
04F4  FF      		db	0ffh
04F5  FF      		db	0ffh
04F6  FF      		db	0ffh
04F7  FF      		db	0ffh
04F8  FF      		db	0ffh
04F9  FF      		db	0ffh
04FA  FF      		db	0ffh
04FB  FF      		db	0ffh
04FC  FF      		db	0ffh
04FD  FF      		db	0ffh
04FE  FF      		db	0ffh
04FF  FF      		db	0ffh
0500  FF      		db	0ffh
0501  FF      		db	0ffh
0502  FF      		db	0ffh
0503  FF      		db	0ffh
0504  FF      		db	0ffh
0505  FF      		db	0ffh
0506  FF      		db	0ffh
0507  FF      		db	0ffh
0508  FF      		db	0ffh
0509  FF      		db	0ffh
050A  FF      		db	0ffh
050B  FF      		db	0ffh
050C  FF      		db	0ffh
050D  FF      		db	0ffh
050E  FF      		db	0ffh
050F  FF      		db	0ffh
0510  FF      		db	0ffh
0511  FF      		db	0ffh
0512  FF      		db	0ffh
0513  FF      		db	0ffh
0514  FF      		db	0ffh
0515  FF      		db	0ffh
0516  FF      		db	0ffh
0517  FF      		db	0ffh
0518  FF      		db	0ffh
0519  FF      		db	0ffh
051A  FF      		db	0ffh
051B  FF      		db	0ffh
051C  FF      		db	0ffh
051D  FF      		db	0ffh
051E  FF      		db	0ffh
051F  FF      		db	0ffh
0520  FF      		db	0ffh
0521  FF      		db	0ffh
0522  FF      		db	0ffh
0523  FF      		db	0ffh
0524  FF      		db	0ffh
0525  FF      		db	0ffh
0526  FF      		db	0ffh
0527  FF      		db	0ffh
0528  FF      		db	0ffh
0529  FF      		db	0ffh
052A  FF      		db	0ffh
052B  FF      		db	0ffh
052C  FF      		db	0ffh
052D  FF      		db	0ffh
052E  FF      		db	0ffh
052F  FF      		db	0ffh
0530  FF      		db	0ffh
0531  FF      		db	0ffh
0532  FF      		db	0ffh
0533  FF      		db	0ffh
0534  FF      		db	0ffh
0535  FF      		db	0ffh
0536  FF      		db	0ffh
0537  FF      		db	0ffh
0538  FF      		db	0ffh
0539  FF      		db	0ffh
053A  FF      		db	0ffh
053B  FF      		db	0ffh
053C  FF      		db	0ffh
053D  FF      		db	0ffh
053E  FF      		db	0ffh
053F  FF      		db	0ffh
0540  FF      		db	0ffh
0541  FF      		db	0ffh
0542  FF      		db	0ffh
0543  FF      		db	0ffh
0544  FF      		db	0ffh
0545  FF      		db	0ffh
0546  FF      		db	0ffh
0547  FF      		db	0ffh
0548  FF      		db	0ffh
0549  FF      		db	0ffh
054A  FF      		db	0ffh
054B  FF      		db	0ffh
054C  FF      		db	0ffh
054D  FF      		db	0ffh
054E  FF      		db	0ffh
054F  FF      		db	0ffh
0550  FF      		db	0ffh
0551  FF      		db	0ffh
0552  FF      		db	0ffh
0553  FF      		db	0ffh
0554  FF      		db	0ffh
0555  FF      		db	0ffh
0556  FF      		db	0ffh
0557  FF      		db	0ffh
0558  FF      		db	0ffh
0559  FF      		db	0ffh
055A  FF      		db	0ffh
055B  FF      		db	0ffh
055C  FF      		db	0ffh
055D  FF      		db	0ffh
055E  FF      		db	0ffh
055F  FF      		db	0ffh
0560  FF      		db	0ffh
0561  FF      		db	0ffh
0562  FF      		db	0ffh
0563  FF      		db	0ffh
0564  FF      		db	0ffh
0565  FF      		db	0ffh
0566  FF      		db	0ffh
0567  FF      		db	0ffh
0568  FF      		db	0ffh
0569  FF      		db	0ffh
056A  FF      		db	0ffh
056B  FF      		db	0ffh
056C  FF      		db	0ffh
056D  FF      		db	0ffh
056E  FF      		db	0ffh
056F  FF      		db	0ffh
0570  FF      		db	0ffh
0571  FF      		db	0ffh
0572  FF      		db	0ffh
0573  FF      		db	0ffh
0574  FF      		db	0ffh
0575  FF      		db	0ffh
0576  FF      		db	0ffh
0577  FF      		db	0ffh
0578  FF      		db	0ffh
0579  FF      		db	0ffh
057A  FF      		db	0ffh
057B  FF      		db	0ffh
057C  FF      		db	0ffh
057D  FF      		db	0ffh
057E  FF      		db	0ffh
057F  FF      		db	0ffh
0580  FF      		db	0ffh
0581  FF      		db	0ffh
0582  FF      		db	0ffh
0583  FF      		db	0ffh
0584  FF      		db	0ffh
0585  FF      		db	0ffh
0586  FF      		db	0ffh
0587  FF      		db	0ffh
0588  FF      		db	0ffh
0589  FF      		db	0ffh
058A  FF      		db	0ffh
058B  FF      		db	0ffh
058C  FF      		db	0ffh
058D  FF      		db	0ffh
058E  FF      		db	0ffh
058F  FF      		db	0ffh
0590  FF      		db	0ffh
0591  FF      		db	0ffh
0592  FF      		db	0ffh
0593  FF      		db	0ffh
0594  FF      		db	0ffh
0595  FF      		db	0ffh
0596  FF      		db	0ffh
0597  FF      		db	0ffh
0598  FF      		db	0ffh
0599  FF      		db	0ffh
059A  FF      		db	0ffh
059B  FF      		db	0ffh
059C  FF      		db	0ffh
059D  FF      		db	0ffh
059E  FF      		db	0ffh
059F  FF      		db	0ffh
05A0  FF      		db	0ffh
05A1  FF      		db	0ffh
05A2  FF      		db	0ffh
05A3  FF      		db	0ffh
05A4  FF      		db	0ffh
05A5  FF      		db	0ffh
05A6  FF      		db	0ffh
05A7  FF      		db	0ffh
05A8  FF      		db	0ffh
05A9  FF      		db	0ffh
05AA  FF      		db	0ffh
05AB  FF      		db	0ffh
05AC  FF      		db	0ffh
05AD  FF      		db	0ffh
05AE  FF      		db	0ffh
05AF  FF      		db	0ffh
05B0  FF      		db	0ffh
05B1  FF      		db	0ffh
05B2  FF      		db	0ffh
05B3  FF      		db	0ffh
05B4  FF      		db	0ffh
05B5  FF      		db	0ffh
05B6  FF      		db	0ffh
05B7  FF      		db	0ffh
05B8  FF      		db	0ffh
05B9  FF      		db	0ffh
05BA  FF      		db	0ffh
05BB  FF      		db	0ffh
05BC  FF      		db	0ffh
05BD  FF      		db	0ffh
05BE  FF      		db	0ffh
05BF  FF      		db	0ffh
05C0  FF      		db	0ffh
05C1  FF      		db	0ffh
05C2  FF      		db	0ffh
05C3  FF      		db	0ffh
05C4  FF      		db	0ffh
05C5  FF      		db	0ffh
05C6  FF      		db	0ffh
05C7  FF      		db	0ffh
05C8  FF      		db	0ffh
05C9  FF      		db	0ffh
05CA  FF      		db	0ffh
05CB  FF      		db	0ffh
05CC  FF      		db	0ffh
05CD  FF      		db	0ffh
05CE  FF      		db	0ffh
05CF  FF      		db	0ffh
05D0  FF      		db	0ffh
05D1  FF      		db	0ffh
05D2  FF      		db	0ffh
05D3  FF      		db	0ffh
05D4  FF      		db	0ffh
05D5  FF      		db	0ffh
05D6  FF      		db	0ffh
05D7  FF      		db	0ffh
05D8  FF      		db	0ffh
05D9  FF      		db	0ffh
05DA  FF      		db	0ffh
05DB  FF      		db	0ffh
05DC  FF      		db	0ffh
05DD  FF      		db	0ffh
05DE  FF      		db	0ffh
05DF  FF      		db	0ffh
05E0  FF      		db	0ffh
05E1  FF      		db	0ffh
05E2  FF      		db	0ffh
05E3  FF      		db	0ffh
05E4  FF      		db	0ffh
05E5  FF      		db	0ffh
05E6  FF      		db	0ffh
05E7  FF      		db	0ffh
05E8  FF      		db	0ffh
05E9  FF      		db	0ffh
05EA  FF      		db	0ffh
05EB  FF      		db	0ffh
05EC  FF      		db	0ffh
05ED  FF      		db	0ffh
05EE  FF      		db	0ffh
05EF  FF      		db	0ffh
05F0  FF      		db	0ffh
05F1  FF      		db	0ffh
05F2  FF      		db	0ffh
05F3  FF      		db	0ffh
05F4  FF      		db	0ffh
05F5  FF      		db	0ffh
05F6  FF      		db	0ffh
05F7  FF      		db	0ffh
05F8  FF      		db	0ffh
05F9  FF      		db	0ffh
05FA  FF      		db	0ffh
05FB  FF      		db	0ffh
05FC  FF      		db	0ffh
05FD  FF      		db	0ffh
05FE  FF      		db	0ffh
05FF  FF      		db	0ffh
0600  FF      		db	0ffh
0601  FF      		db	0ffh
0602  FF      		db	0ffh
0603  FF      		db	0ffh
0604  FF      		db	0ffh
0605  FF      		db	0ffh
0606  FF      		db	0ffh
0607  FF      		db	0ffh
0608  FF      		db	0ffh
0609  FF      		db	0ffh
060A  FF      		db	0ffh
060B  FF      		db	0ffh
060C  FF      		db	0ffh
060D  FF      		db	0ffh
060E  FF      		db	0ffh
060F  FF      		db	0ffh
0610  FF      		db	0ffh
0611  FF      		db	0ffh
0612  FF      		db	0ffh
0613  FF      		db	0ffh
0614  FF      		db	0ffh
0615  FF      		db	0ffh
0616  FF      		db	0ffh
0617  FF      		db	0ffh
0618  FF      		db	0ffh
0619  FF      		db	0ffh
061A  FF      		db	0ffh
061B  FF      		db	0ffh
061C  FF      		db	0ffh
061D  FF      		db	0ffh
061E  FF      		db	0ffh
061F  FF      		db	0ffh
0620  FF      		db	0ffh
0621  FF      		db	0ffh
0622  FF      		db	0ffh
0623  FF      		db	0ffh
0624  FF      		db	0ffh
0625  FF      		db	0ffh
0626  FF      		db	0ffh
0627  FF      		db	0ffh
0628  FF      		db	0ffh
0629  FF      		db	0ffh
062A  FF      		db	0ffh
062B  FF      		db	0ffh
062C  FF      		db	0ffh
062D  FF      		db	0ffh
062E  FF      		db	0ffh
062F  FF      		db	0ffh
0630  FF      		db	0ffh
0631  FF      		db	0ffh
0632  FF      		db	0ffh
0633  FF      		db	0ffh
0634  FF      		db	0ffh
0635  FF      		db	0ffh
0636  FF      		db	0ffh
0637  FF      		db	0ffh
0638  FF      		db	0ffh
0639  FF      		db	0ffh
063A  FF      		db	0ffh
063B  FF      		db	0ffh
063C  FF      		db	0ffh
063D  FF      		db	0ffh
063E  FF      		db	0ffh
063F  FF      		db	0ffh
0640  FF      		db	0ffh
0641  FF      		db	0ffh
0642  FF      		db	0ffh
0643  FF      		db	0ffh
0644  FF      		db	0ffh
0645  FF      		db	0ffh
0646  FF      		db	0ffh
0647  FF      		db	0ffh
0648  FF      		db	0ffh
0649  FF      		db	0ffh
064A  FF      		db	0ffh
064B  FF      		db	0ffh
064C  FF      		db	0ffh
064D  FF      		db	0ffh
064E  FF      		db	0ffh
064F  FF      		db	0ffh
0650  FF      		db	0ffh
0651  FF      		db	0ffh
0652  FF      		db	0ffh
0653  FF      		db	0ffh
0654  FF      		db	0ffh
0655  FF      		db	0ffh
0656  FF      		db	0ffh
0657  FF      		db	0ffh
0658  FF      		db	0ffh
0659  FF      		db	0ffh
065A  FF      		db	0ffh
065B  FF      		db	0ffh
065C  FF      		db	0ffh
065D  FF      		db	0ffh
065E  FF      		db	0ffh
065F  FF      		db	0ffh
0660  FF      		db	0ffh
0661  FF      		db	0ffh
0662  FF      		db	0ffh
0663  FF      		db	0ffh
0664  FF      		db	0ffh
0665  FF      		db	0ffh
0666  FF      		db	0ffh
0667  FF      		db	0ffh
0668  FF      		db	0ffh
0669  FF      		db	0ffh
066A  FF      		db	0ffh
066B  FF      		db	0ffh
066C  FF      		db	0ffh
066D  FF      		db	0ffh
066E  FF      		db	0ffh
066F  FF      		db	0ffh
0670  FF      		db	0ffh
0671  FF      		db	0ffh
0672  FF      		db	0ffh
0673  FF      		db	0ffh
0674  FF      		db	0ffh
0675  FF      		db	0ffh
0676  FF      		db	0ffh
0677  FF      		db	0ffh
0678  FF      		db	0ffh
0679  FF      		db	0ffh
067A  FF      		db	0ffh
067B  FF      		db	0ffh
067C  FF      		db	0ffh
067D  FF      		db	0ffh
067E  FF      		db	0ffh
067F  FF      		db	0ffh
0680  FF      		db	0ffh
0681  FF      		db	0ffh
0682  FF      		db	0ffh
0683  FF      		db	0ffh
0684  FF      		db	0ffh
0685  FF      		db	0ffh
0686  FF      		db	0ffh
0687  FF      		db	0ffh
0688  FF      		db	0ffh
0689  FF      		db	0ffh
068A  FF      		db	0ffh
068B  FF      		db	0ffh
068C  FF      		db	0ffh
068D  FF      		db	0ffh
068E  FF      		db	0ffh
068F  FF      		db	0ffh
0690  FF      		db	0ffh
0691  FF      		db	0ffh
0692  FF      		db	0ffh
0693  FF      		db	0ffh
0694  FF      		db	0ffh
0695  FF      		db	0ffh
0696  FF      		db	0ffh
0697  FF      		db	0ffh
0698  FF      		db	0ffh
0699  FF      		db	0ffh
069A  FF      		db	0ffh
069B  FF      		db	0ffh
069C  FF      		db	0ffh
069D  FF      		db	0ffh
069E  FF      		db	0ffh
069F  FF      		db	0ffh
06A0  FF      		db	0ffh
06A1  FF      		db	0ffh
06A2  FF      		db	0ffh
06A3  FF      		db	0ffh
06A4  FF      		db	0ffh
06A5  FF      		db	0ffh
06A6  FF      		db	0ffh
06A7  FF      		db	0ffh
06A8  FF      		db	0ffh
06A9  FF      		db	0ffh
06AA  FF      		db	0ffh
06AB  FF      		db	0ffh
06AC  FF      		db	0ffh
06AD  FF      		db	0ffh
06AE  FF      		db	0ffh
06AF  FF      		db	0ffh
06B0  FF      		db	0ffh
06B1  FF      		db	0ffh
06B2  FF      		db	0ffh
06B3  FF      		db	0ffh
06B4  FF      		db	0ffh
06B5  FF      		db	0ffh
06B6  FF      		db	0ffh
06B7  FF      		db	0ffh
06B8  FF      		db	0ffh
06B9  FF      		db	0ffh
06BA  FF      		db	0ffh
06BB  FF      		db	0ffh
06BC  FF      		db	0ffh
06BD  FF      		db	0ffh
06BE  FF      		db	0ffh
06BF  FF      		db	0ffh
06C0  FF      		db	0ffh
06C1  FF      		db	0ffh
06C2  FF      		db	0ffh
06C3  FF      		db	0ffh
06C4  FF      		db	0ffh
06C5  FF      		db	0ffh
06C6  FF      		db	0ffh
06C7  FF      		db	0ffh
06C8  FF      		db	0ffh
06C9  FF      		db	0ffh
06CA  FF      		db	0ffh
06CB  FF      		db	0ffh
06CC  FF      		db	0ffh
06CD  FF      		db	0ffh
06CE  FF      		db	0ffh
06CF  FF      		db	0ffh
06D0  FF      		db	0ffh
06D1  FF      		db	0ffh
06D2  FF      		db	0ffh
06D3  FF      		db	0ffh
06D4  FF      		db	0ffh
06D5  FF      		db	0ffh
06D6  FF      		db	0ffh
06D7  FF      		db	0ffh
06D8  FF      		db	0ffh
06D9  FF      		db	0ffh
06DA  FF      		db	0ffh
06DB  FF      		db	0ffh
06DC  FF      		db	0ffh
06DD  FF      		db	0ffh
06DE  FF      		db	0ffh
06DF  FF      		db	0ffh
06E0  FF      		db	0ffh
06E1  FF      		db	0ffh
06E2  FF      		db	0ffh
06E3  FF      		db	0ffh
06E4  FF      		db	0ffh
06E5  FF      		db	0ffh
06E6  FF      		db	0ffh
06E7  FF      		db	0ffh
06E8  FF      		db	0ffh
06E9  FF      		db	0ffh
06EA  FF      		db	0ffh
06EB  FF      		db	0ffh
06EC  FF      		db	0ffh
06ED  FF      		db	0ffh
06EE  FF      		db	0ffh
06EF  FF      		db	0ffh
06F0  FF      		db	0ffh
06F1  FF      		db	0ffh
06F2  FF      		db	0ffh
06F3  FF      		db	0ffh
06F4  FF      		db	0ffh
06F5  FF      		db	0ffh
06F6  FF      		db	0ffh
06F7  FF      		db	0ffh
06F8  FF      		db	0ffh
06F9  FF      		db	0ffh
06FA  FF      		db	0ffh
06FB  FF      		db	0ffh
06FC  FF      		db	0ffh
06FD  FF      		db	0ffh
06FE  FF      		db	0ffh
06FF  FF      		db	0ffh
0700  FF      		db	0ffh
0701  FF      		db	0ffh
0702  FF      		db	0ffh
0703  FF      		db	0ffh
0704  FF      		db	0ffh
0705  FF      		db	0ffh
0706  FF      		db	0ffh
0707  FF      		db	0ffh
0708  FF      		db	0ffh
0709  FF      		db	0ffh
070A  FF      		db	0ffh
070B  FF      		db	0ffh
070C  FF      		db	0ffh
070D  FF      		db	0ffh
070E  FF      		db	0ffh
070F  FF      		db	0ffh
0710  FF      		db	0ffh
0711  FF      		db	0ffh
0712  FF      		db	0ffh
0713  FF      		db	0ffh
0714  FF      		db	0ffh
0715  FF      		db	0ffh
0716  FF      		db	0ffh
0717  FF      		db	0ffh
0718  FF      		db	0ffh
0719  FF      		db	0ffh
071A  FF      		db	0ffh
071B  FF      		db	0ffh
071C  FF      		db	0ffh
071D  FF      		db	0ffh
071E  FF      		db	0ffh
071F  FF      		db	0ffh
0720  FF      		db	0ffh
0721  FF      		db	0ffh
0722  FF      		db	0ffh
0723  FF      		db	0ffh
0724  FF      		db	0ffh
0725  FF      		db	0ffh
0726  FF      		db	0ffh
0727  FF      		db	0ffh
0728  FF      		db	0ffh
0729  FF      		db	0ffh
072A  FF      		db	0ffh
072B  FF      		db	0ffh
072C  FF      		db	0ffh
072D  FF      		db	0ffh
072E  FF      		db	0ffh
072F  FF      		db	0ffh
0730  FF      		db	0ffh
0731  FF      		db	0ffh
0732  FF      		db	0ffh
0733  FF      		db	0ffh
0734  FF      		db	0ffh
0735  FF      		db	0ffh
0736  FF      		db	0ffh
0737  FF      		db	0ffh
0738  FF      		db	0ffh
0739  FF      		db	0ffh
073A  FF      		db	0ffh
073B  FF      		db	0ffh
073C  FF      		db	0ffh
073D  FF      		db	0ffh
073E  FF      		db	0ffh
073F  FF      		db	0ffh
0740  FF      		db	0ffh
0741  FF      		db	0ffh
0742  FF      		db	0ffh
0743  FF      		db	0ffh
0744  FF      		db	0ffh
0745  FF      		db	0ffh
0746  FF      		db	0ffh
0747  FF      		db	0ffh
0748  FF      		db	0ffh
0749  FF      		db	0ffh
074A  FF      		db	0ffh
074B  FF      		db	0ffh
074C  FF      		db	0ffh
074D  FF      		db	0ffh
074E  FF      		db	0ffh
074F  FF      		db	0ffh
0750  FF      		db	0ffh
0751  FF      		db	0ffh
0752  FF      		db	0ffh
0753  FF      		db	0ffh
0754  FF      		db	0ffh
0755  FF      		db	0ffh
0756  FF      		db	0ffh
0757  FF      		db	0ffh
0758  FF      		db	0ffh
0759  FF      		db	0ffh
075A  FF      		db	0ffh
075B  FF      		db	0ffh
075C  FF      		db	0ffh
075D  FF      		db	0ffh
075E  FF      		db	0ffh
075F  FF      		db	0ffh
0760  FF      		db	0ffh
0761  FF      		db	0ffh
0762  FF      		db	0ffh
0763  FF      		db	0ffh
0764  FF      		db	0ffh
0765  FF      		db	0ffh
0766  FF      		db	0ffh
0767  FF      		db	0ffh
0768  FF      		db	0ffh
0769  FF      		db	0ffh
076A  FF      		db	0ffh
076B  FF      		db	0ffh
076C  FF      		db	0ffh
076D  FF      		db	0ffh
076E  FF      		db	0ffh
076F  FF      		db	0ffh
0770  FF      		db	0ffh
0771  FF      		db	0ffh
0772  FF      		db	0ffh
0773  FF      		db	0ffh
0774  FF      		db	0ffh
0775  FF      		db	0ffh
0776  FF      		db	0ffh
0777  FF      		db	0ffh
0778  FF      		db	0ffh
0779  FF      		db	0ffh
077A  FF      		db	0ffh
077B  FF      		db	0ffh
077C  FF      		db	0ffh
077D  FF      		db	0ffh
077E  FF      		db	0ffh
077F  FF      		db	0ffh
0780  FF      		db	0ffh
0781  FF      		db	0ffh
0782  FF      		db	0ffh
0783  FF      		db	0ffh
0784  FF      		db	0ffh
0785  FF      		db	0ffh
0786  FF      		db	0ffh
0787  FF      		db	0ffh
0788  FF      		db	0ffh
0789  FF      		db	0ffh
078A  FF      		db	0ffh
078B  FF      		db	0ffh
078C  FF      		db	0ffh
078D  FF      		db	0ffh
078E  FF      		db	0ffh
078F  FF      		db	0ffh
0790  FF      		db	0ffh
0791  FF      		db	0ffh
0792  FF      		db	0ffh
0793  FF      		db	0ffh
0794  FF      		db	0ffh
0795  FF      		db	0ffh
0796  FF      		db	0ffh
0797  FF      		db	0ffh
0798  FF      		db	0ffh
0799  FF      		db	0ffh
079A  FF      		db	0ffh
079B  FF      		db	0ffh
079C  FF      		db	0ffh
079D  FF      		db	0ffh
079E  FF      		db	0ffh
079F  FF      		db	0ffh
07A0  FF      		db	0ffh
07A1  FF      		db	0ffh
07A2  FF      		db	0ffh
07A3  FF      		db	0ffh
07A4  FF      		db	0ffh
07A5  FF      		db	0ffh
07A6  FF      		db	0ffh
07A7  FF      		db	0ffh
07A8  FF      		db	0ffh
07A9  FF      		db	0ffh
07AA  FF      		db	0ffh
07AB  FF      		db	0ffh
07AC  FF      		db	0ffh
07AD  FF      		db	0ffh
07AE  FF      		db	0ffh
07AF  FF      		db	0ffh
07B0  FF      		db	0ffh
07B1  FF      		db	0ffh
07B2  FF      		db	0ffh
07B3  FF      		db	0ffh
07B4  FF      		db	0ffh
07B5  FF      		db	0ffh
07B6  FF      		db	0ffh
07B7  FF      		db	0ffh
07B8  FF      		db	0ffh
07B9  FF      		db	0ffh
07BA  FF      		db	0ffh
07BB  FF      		db	0ffh
07BC  FF      		db	0ffh
07BD  FF      		db	0ffh
07BE  FF      		db	0ffh
07BF  FF      		db	0ffh
07C0  FF      		db	0ffh
07C1  FF      		db	0ffh
07C2  FF      		db	0ffh
07C3  FF      		db	0ffh
07C4  FF      		db	0ffh
07C5  FF      		db	0ffh
07C6  FF      		db	0ffh
07C7  FF      		db	0ffh
07C8  FF      		db	0ffh
07C9  FF      		db	0ffh
07CA  FF      		db	0ffh
07CB  FF      		db	0ffh
07CC  FF      		db	0ffh
07CD  FF      		db	0ffh
07CE  FF      		db	0ffh
07CF  FF      		db	0ffh
07D0  FF      		db	0ffh
07D1  FF      		db	0ffh
07D2  FF      		db	0ffh
07D3  FF      		db	0ffh
07D4  FF      		db	0ffh
07D5  FF      		db	0ffh
07D6  FF      		db	0ffh
07D7  FF      		db	0ffh
07D8  FF      		db	0ffh
07D9  FF      		db	0ffh
07DA  FF      		db	0ffh
07DB  FF      		db	0ffh
07DC  FF      		db	0ffh
07DD  FF      		db	0ffh
07DE  FF      		db	0ffh
07DF  FF      		db	0ffh
07E0  FF      		db	0ffh
07E1  FF      		db	0ffh
07E2  FF      		db	0ffh
07E3  FF      		db	0ffh
07E4  FF      		db	0ffh
07E5  FF      		db	0ffh
07E6  FF      		db	0ffh
07E7  FF      		db	0ffh
07E8  FF      		db	0ffh
07E9  FF      		db	0ffh
07EA  FF      		db	0ffh
07EB  FF      		db	0ffh
07EC  FF      		db	0ffh
07ED  FF      		db	0ffh
07EE  FF      		db	0ffh
07EF  FF      		db	0ffh
07F0  FF      		db	0ffh
07F1  FF      		db	0ffh
07F2  FF      		db	0ffh
07F3  FF      		db	0ffh
07F4  FF      		db	0ffh
07F5  FF      		db	0ffh
07F6  FF      		db	0ffh
07F7  FF      		db	0ffh
07F8  FF      		db	0ffh
07F9  FF      		db	0ffh
07FA  FF      		db	0ffh
07FB  FF      		db	0ffh
07FC  FF      		db	0ffh
07FD  FF      		db	0ffh
07FE  FF      		db	0ffh
07FF  FF      		db	0ffh
		
0800          		end



Statistics:

     4	passes
     0	jr promotions
    67	symbols
  2048	bytes

  1690	macro calls
  4142	macro bytes
    84	invented symbols
